Archive member included to satisfy reference by file (symbol)

/opt/devkitpro//libctru/lib/libctru.a(console.o)
                              main.o (consoleInit)
/opt/devkitpro//libctru/lib/libctru.a(gfx.o)
                              /opt/devkitpro//libctru/lib/libctru.a(console.o) (gfxIsWide)
/opt/devkitpro//libctru/lib/libctru.a(gspgpu.o)
                              /opt/devkitpro//libctru/lib/libctru.a(gfx.o) (gspInit)
/opt/devkitpro//libctru/lib/libctru.a(apt.o)
                              main.o (aptMainLoop)
/opt/devkitpro//libctru/lib/libctru.a(hid.o)
                              main.o (hidScanInput)
/opt/devkitpro//libctru/lib/libctru.a(ctru_init.o)
                              /opt/devkitpro//libctru/lib/libctru.a(apt.o) (__system_retAddr)
/opt/devkitpro//libctru/lib/libctru.a(initArgv.o)
                              /opt/devkitpro//libctru/lib/libctru.a(ctru_init.o) (__system_initArgv)
/opt/devkitpro//libctru/lib/libctru.a(svc.o)
                              /opt/devkitpro//libctru/lib/libctru.a(apt.o) (svcSleepThread)
/opt/devkitpro//libctru/lib/libctru.a(stack_adjust.o)
                              /opt/devkitpro/devkitARM/bin/../lib/gcc/arm-none-eabi/11.2.0/../../../../arm-none-eabi/lib/armv6k/fpu/3dsx_crt0.o (initSystem)
/opt/devkitpro//libctru/lib/libctru.a(default_font.bin.o)
                              /opt/devkitpro//libctru/lib/libctru.a(console.o) (default_font_bin)
/opt/devkitpro//libctru/lib/libctru.a(vram.o)
                              /opt/devkitpro//libctru/lib/libctru.a(gfx.o) (vramAlloc)
/opt/devkitpro//libctru/lib/libctru.a(linear.o)
                              /opt/devkitpro//libctru/lib/libctru.a(gfx.o) (linearAlloc)
/opt/devkitpro//libctru/lib/libctru.a(mem_pool.o)
                              /opt/devkitpro//libctru/lib/libctru.a(vram.o) (MemPool::Allocate(MemChunk&, unsigned long, int))
/opt/devkitpro//libctru/lib/libctru.a(synchronization.o)
                              /opt/devkitpro//libctru/lib/libctru.a(ctru_init.o) (__sync_init)
/opt/devkitpro//libctru/lib/libctru.a(os.o)
                              /opt/devkitpro//libctru/lib/libctru.a(apt.o) (__ctru_speedup_config)
/opt/devkitpro//libctru/lib/libctru.a(3dslink.o)
                              /opt/devkitpro//libctru/lib/libctru.a(initArgv.o) (__3dslink_host)
/opt/devkitpro//libctru/lib/libctru.a(srv.o)
                              /opt/devkitpro//libctru/lib/libctru.a(apt.o) (srvInit)
/opt/devkitpro//libctru/lib/libctru.a(thread.o)
                              /opt/devkitpro//libctru/lib/libctru.a(gspgpu.o) (threadCreate)
/opt/devkitpro//libctru/lib/libctru.a(mappable.o)
                              /opt/devkitpro//libctru/lib/libctru.a(gspgpu.o) (mappableAlloc)
/opt/devkitpro//libctru/lib/libctru.a(irrst.o)
                              /opt/devkitpro//libctru/lib/libctru.a(hid.o) (irrstInit)
/opt/devkitpro//libctru/lib/libctru.a(srvpm.o)
                              /opt/devkitpro//libctru/lib/libctru.a(srv.o) (srvPmGetSessionHandle)
/opt/devkitpro//libctru/lib/libctru.a(ptmsysm.o)
                              /opt/devkitpro//libctru/lib/libctru.a(os.o) (ptmSysmInit)
/opt/devkitpro//libctru/lib/libctru.a(soc_socket.o)
                              /opt/devkitpro//libctru/lib/libctru.a(3dslink.o) (socket)
/opt/devkitpro//libctru/lib/libctru.a(soc_connect.o)
                              /opt/devkitpro//libctru/lib/libctru.a(3dslink.o) (connect)
/opt/devkitpro//libctru/lib/libctru.a(soc_common.o)
                              /opt/devkitpro//libctru/lib/libctru.a(soc_socket.o) (_net_convert_error)
/opt/devkitpro//libctru/lib/libctru.a(rbtree_init.o)
                              /opt/devkitpro//libctru/lib/libctru.a(vram.o) (rbtree_init)
/opt/devkitpro//libctru/lib/libctru.a(rbtree_insert.o)
                              /opt/devkitpro//libctru/lib/libctru.a(vram.o) (rbtree_insert)
/opt/devkitpro//libctru/lib/libctru.a(rbtree_rotate.o)
                              /opt/devkitpro//libctru/lib/libctru.a(rbtree_insert.o) (rbtree_rotate)
/opt/devkitpro//libctru/lib/libctru.a(rbtree_remove.o)
                              /opt/devkitpro//libctru/lib/libctru.a(vram.o) (rbtree_remove)
/opt/devkitpro//libctru/lib/libctru.a(rbtree_find.o)
                              /opt/devkitpro//libctru/lib/libctru.a(vram.o) (rbtree_find)
/opt/devkitpro//libctru/lib/libctru.a(appInit.o)
                              /opt/devkitpro//libctru/lib/libctru.a(stack_adjust.o) (__appInit)
/opt/devkitpro//libctru/lib/libctru.a(syscalls.o)
                              /opt/devkitpro//libctru/lib/libctru.a(ctru_init.o) (__system_initSyscalls)
/opt/devkitpro//libctru/lib/libctru.a(allocateHeaps.o)
                              /opt/devkitpro//libctru/lib/libctru.a(ctru_init.o) (__system_allocateHeaps)
/opt/devkitpro//libctru/lib/libctru.a(appExit.o)
                              /opt/devkitpro//libctru/lib/libctru.a(stack_adjust.o) (__appExit)
/opt/devkitpro//libctru/lib/libctru.a(ctru_exit.o)
[...]
Memory Configuration

Name             Origin             Length             Attributes
*default*        0x0000000000000000 0xffffffffffffffff

Linker script and memory map

                0x0000000000100000                PROVIDE (__start__ = 0x100000)
                0x0000000000100000                . = __start__

.text           0x0000000000100000    0x213dc
 *(.crt0)
 .crt0          0x0000000000100000       0x94 /opt/devkitpro/devkitARM/bin/../lib/gcc/arm-none-eabi/11.2.0/../../../../arm-none-eabi/lib/armv6k/fpu/3dsx_crt0.o
                0x0000000000100000                _start
                0x0000000000100008                __service_ptr
                0x000000000010000c                __apt_appid
                0x0000000000100010                __heap_size
                0x0000000000100014                __linear_heap_size
                0x0000000000100018                __system_arglist
                0x000000000010001c                __system_runflags
 *(.init)
 .init          0x0000000000100094        0xc /opt/devkitpro/devkitARM/bin/../lib/gcc/arm-none-eabi/11.2.0/armv6k/fpu/crti.o
                0x0000000000100094                _init
 .init          0x00000000001000a0        0xc /opt/devkitpro/devkitARM/bin/../lib/gcc/arm-none-eabi/11.2.0/armv6k/fpu/crtn.o
                0x00000000001000ac                . = ALIGN (0x4)
 *(.text)
 .text          0x00000000001000ac      0x240 /opt/devkitpro/devkitARM/bin/../lib/gcc/arm-none-eabi/11.2.0/armv6k/fpu/libgcc.a(_divsi3.o)
                0x00000000001000ac                __aeabi_idiv
                0x00000000001000ac                __divsi3
                0x00000000001002cc                __aeabi_idivmod
 .text          0x00000000001002ec        0x4 /opt/devkitpro/devkitARM/bin/../lib/gcc/arm-none-eabi/11.2.0/armv6k/fpu/libgcc.a(_dvmd_tls.o)
                0x00000000001002ec                __aeabi_ldiv0
                0x00000000001002ec                __aeabi_idiv0
 .text          0x00000000001002f0       0x3c /opt/devkitpro/devkitARM/bin/../lib/gcc/arm-none-eabi/11.2.0/armv6k/fpu/libgcc.a(_aeabi_uldivmod.o)
                0x00000000001002f0                __aeabi_uldivmod
 *fill*         0x000000000010032c       0x14 
 .text          0x0000000000100340      0x390 /opt/devkitpro/devkitARM/bin/../lib/gcc/arm-none-eabi/11.2.0/../../../../arm-none-eabi/lib/armv6k/fpu/libg.a(lib_a-strcmp.o)
                0x0000000000100348                strcmp
 .text          0x00000000001006d0      0x20c /opt/devkitpro/devkitARM/bin/../lib/gcc/arm-none-eabi/11.2.0/armv6k/fpu/libgcc.a(_udivsi3.o)
                0x00000000001006d0                __udivsi3
                0x00000000001006d0                __aeabi_uidiv
                0x00000000001008bc                __aeabi_uidivmod
 .text          0x00000000001008dc      0x3c0 /opt/devkitpro/devkitARM/bin/../lib/gcc/arm-none-eabi/11.2.0/armv6k/fpu/libgcc.a(_arm_addsubdf3.o)
                0x00000000001008dc                __aeabi_drsub
                0x00000000001008e4                __aeabi_dsub
                0x00000000001008e4                __subdf3
                0x00000000001008e8                __adddf3
                0x00000000001008e8                __aeabi_dadd
                0x0000000000100b94                __aeabi_ui2d
                0x0000000000100b94                __floatunsidf
                0x0000000000100bb8                __floatsidf
                0x0000000000100bb8                __aeabi_i2d
                0x0000000000100be0                __extendsfdf2
                0x0000000000100be0                __aeabi_f2d
                0x0000000000100c28                __aeabi_ul2d
                0x0000000000100c28                __floatundidf
                0x0000000000100c3c                __floatdidf
                0x0000000000100c3c                __aeabi_l2d
 *(.text.*)
 .text.__do_global_dtors_aux
                0x0000000000100c9c       0x40 /opt/devkitpro/devkitARM/bin/../lib/gcc/arm-none-eabi/11.2.0/armv6k/fpu/crtbegin.o
 .text.frame_dummy
                0x0000000000100cdc       0x2c /opt/devkitpro/devkitARM/bin/../lib/gcc/arm-none-eabi/11.2.0/armv6k/fpu/crtbegin.o
 .text.vasprintf
                0x0000000000100d08       0x64 main.o
                0x0000000000100d08                vasprintf
 .text.asprintf
                0x0000000000100d6c       0x2c main.o
                0x0000000000100d6c                asprintf
 .text.startup.main
                0x0000000000100d98       0x78 main.o
                0x0000000000100d98                main
 .text.parseColor
                0x0000000000100e10      0x204 /opt/devkitpro//libctru/lib/libctru.a(console.o)
 .text.consoleDrawChar
                0x0000000000101014      0x1ac /opt/devkitpro//libctru/lib/libctru.a(console.o)
                0x0000000000101014                consoleDrawChar
 .text.consolePrintChar
                0x00000000001011c0      0x124 /opt/devkitpro//libctru/lib/libctru.a(console.o)
                0x00000000001011c0                consolePrintChar
 .text.con_write
                0x00000000001012e4      0xb00 /opt/devkitpro//libctru/lib/libctru.a(console.o)
                0x00000000001012e4                con_write
 .text.newRow   0x0000000000101de4       0xf4 /opt/devkitpro//libctru/lib/libctru.a(console.o)
 .text.consoleInit
                0x0000000000101ed8      0x168 /opt/devkitpro//libctru/lib/libctru.a(console.o)
                0x0000000000101ed8                consoleInit
 .text.gfxPresentFramebuffer
                0x0000000000102040       0xd0 /opt/devkitpro//libctru/lib/libctru.a(gfx.o)
 .text.gfxIsWide
                0x0000000000102110       0x1c /opt/devkitpro//libctru/lib/libctru.a(gfx.o)
                0x0000000000102110                gfxIsWide
 .text.gfxSetScreenFormat
                0x000000000010212c       0xec /opt/devkitpro//libctru/lib/libctru.a(gfx.o)
                0x000000000010212c                gfxSetScreenFormat
 .text.gfxSetDoubleBuffering
                0x0000000000102218       0x10 /opt/devkitpro//libctru/lib/libctru.a(gfx.o)
                0x0000000000102218                gfxSetDoubleBuffering
 .text.gfxInit  0x0000000000102228       0xe8 /opt/devkitpro//libctru/lib/libctru.a(gfx.o)
                0x0000000000102228                gfxInit
 .text.gfxInitDefault
                0x0000000000102310       0x10 /opt/devkitpro//libctru/lib/libctru.a(gfx.o)
                0x0000000000102310                gfxInitDefault
 .text.gfxExit  0x0000000000102320       0xb4 /opt/devkitpro//libctru/lib/libctru.a(gfx.o)
                0x0000000000102320                gfxExit
 .text.gfxGetFramebuffer
                0x00000000001023d4       0xa0 /opt/devkitpro//libctru/lib/libctru.a(gfx.o)
                0x00000000001023d4                gfxGetFramebuffer
 .text.gfxFlushBuffers
                0x0000000000102474      0x10c /opt/devkitpro//libctru/lib/libctru.a(gfx.o)
                0x0000000000102474                gfxFlushBuffers
 .text.gfxSwapBuffers
                0x0000000000102580       0x50 /opt/devkitpro//libctru/lib/libctru.a(gfx.o)
                0x0000000000102580                gfxSwapBuffers
 .text.gfxSwapBuffersGpu
                0x00000000001025d0       0x50 /opt/devkitpro//libctru/lib/libctru.a(gfx.o)
                0x00000000001025d0                gfxSwapBuffersGpu
 .text.gspHardwareInit
                0x0000000000102620      0xc58 /opt/devkitpro//libctru/lib/libctru.a(gspgpu.o)
 .text.gspInit  0x0000000000103278      0x24c /opt/devkitpro//libctru/lib/libctru.a(gspgpu.o)
                0x0000000000103278                gspInit
 .text.gspExit  0x00000000001034c4       0xf0 /opt/devkitpro//libctru/lib/libctru.a(gspgpu.o)
                0x00000000001034c4                gspExit
 .text.gspHasGpuRight
                0x00000000001035b4       0x10 /opt/devkitpro//libctru/lib/libctru.a(gspgpu.o)
                0x00000000001035b4                gspHasGpuRight
 .text.gspPresentBuffer
                0x00000000001035c4       0xa0 /opt/devkitpro//libctru/lib/libctru.a(gspgpu.o)
                0x00000000001035c4                gspPresentBuffer
 .text.gspWaitForEvent
                0x0000000000103664       0x50 /opt/devkitpro//libctru/lib/libctru.a(gspgpu.o)
                0x0000000000103664                gspWaitForEvent
 .text.gxCmdQueueInterrupt
                0x00000000001036b4        0x4 /opt/devkitpro//libctru/lib/libctru.a(gspgpu.o)
                0x00000000001036b4                gxCmdQueueInterrupt
 .text.gspEventThreadMain
                0x00000000001036b8      0x160 /opt/devkitpro//libctru/lib/libctru.a(gspgpu.o)
 .text.GSPGPU_FlushDataCache
                0x0000000000103818       0x50 /opt/devkitpro//libctru/lib/libctru.a(gspgpu.o)
                0x0000000000103818                GSPGPU_FlushDataCache
 .text.GSPGPU_SetLcdForceBlack
                0x0000000000103868       0x34 /opt/devkitpro//libctru/lib/libctru.a(gspgpu.o)
                0x0000000000103868                GSPGPU_SetLcdForceBlack
 .text.GSPGPU_AcquireRight
                0x000000000010389c       0x68 /opt/devkitpro//libctru/lib/libctru.a(gspgpu.o)
                0x000000000010389c                GSPGPU_AcquireRight
 .text.GSPGPU_ReleaseRight
                0x0000000000103904       0x48 /opt/devkitpro//libctru/lib/libctru.a(gspgpu.o)
                0x0000000000103904                GSPGPU_ReleaseRight
 .text.GSPGPU_ImportDisplayCaptureInfo
                0x000000000010394c       0x7c /opt/devkitpro//libctru/lib/libctru.a(gspgpu.o)
                0x000000000010394c                GSPGPU_ImportDisplayCaptureInfo
 .text.GSPGPU_SaveVramSysArea
                0x00000000001039c8       0x2c /opt/devkitpro//libctru/lib/libctru.a(gspgpu.o)
                0x00000000001039c8                GSPGPU_SaveVramSysArea
 .text.GSPGPU_RestoreVramSysArea
                0x00000000001039f4       0x2c /opt/devkitpro//libctru/lib/libctru.a(gspgpu.o)
                0x00000000001039f4                GSPGPU_RestoreVramSysArea
 .text.aptConvertScreenForCapture
                0x0000000000103a20      0x1b0 /opt/devkitpro//libctru/lib/libctru.a(apt.o)
 .text.aptDspSleep
                0x0000000000103bd0        0x8 /opt/devkitpro//libctru/lib/libctru.a(apt.o)
                0x0000000000103bd0                aptDspSleep
 .text.aptDspWakeup
                0x0000000000103bd8        0x4 /opt/devkitpro//libctru/lib/libctru.a(apt.o)
                0x0000000000103bd8                aptDspWakeup
 .text.aptDspCancel
                0x0000000000103bdc        0x4 /opt/devkitpro//libctru/lib/libctru.a(apt.o)
                0x0000000000103bdc                aptDspCancel
 .text.aptSendCommand
                0x0000000000103be0      0x15c /opt/devkitpro//libctru/lib/libctru.a(apt.o)
                0x0000000000103be0                aptSendCommand
 .text.aptExitProcess
                0x0000000000103d3c       0x38 /opt/devkitpro//libctru/lib/libctru.a(apt.o)
 .text.aptExit  0x0000000000103d74      0x2f0 /opt/devkitpro//libctru/lib/libctru.a(apt.o)
                0x0000000000103d74                aptExit
 .text.aptHandleSleep
                0x0000000000104064       0xd8 /opt/devkitpro//libctru/lib/libctru.a(apt.o)
                0x0000000000104064                aptHandleSleep
 .text.APT_SleepIfShellClosed
                0x000000000010413c       0x84 /opt/devkitpro//libctru/lib/libctru.a(apt.o)
                0x000000000010413c                APT_SleepIfShellClosed
 .text.aptSetSleepAllowed
                0x00000000001041c0       0x84 /opt/devkitpro//libctru/lib/libctru.a(apt.o)
                0x00000000001041c0                aptSetSleepAllowed
 .text.APT_UnlockTransition
                0x0000000000104244       0x84 /opt/devkitpro//libctru/lib/libctru.a(apt.o)
                0x0000000000104244                APT_UnlockTransition
 .text.aptEventHandler
                0x00000000001042c8      0x484 /opt/devkitpro//libctru/lib/libctru.a(apt.o)
 .text.APT_ReceiveParameter
                0x000000000010474c       0xb0 /opt/devkitpro//libctru/lib/libctru.a(apt.o)
                0x000000000010474c                APT_ReceiveParameter
 .text.aptReceiveParameter.constprop.0
                0x00000000001047fc       0xb0 /opt/devkitpro//libctru/lib/libctru.a(apt.o)
 *fill*         0x00000000001048ac        0x4 
 .text.aptScreenTransfer
                0x00000000001048b0      0x2bc /opt/devkitpro//libctru/lib/libctru.a(apt.o)
 .text.aptWaitForWakeUp.isra.0
                0x0000000000104b6c      0x374 /opt/devkitpro//libctru/lib/libctru.a(apt.o)
 .text.aptJumpToHomeMenu
                0x0000000000104ee0       0xf8 /opt/devkitpro//libctru/lib/libctru.a(apt.o)
                0x0000000000104ee0                aptJumpToHomeMenu
 .text.aptMainLoop
                0x0000000000104fd8       0x4c /opt/devkitpro//libctru/lib/libctru.a(apt.o)
                0x0000000000104fd8                aptMainLoop
 .text.aptInit  0x0000000000105024      0x234 /opt/devkitpro//libctru/lib/libctru.a(apt.o)
                0x0000000000105024                aptInit
 .text.APT_CheckNew3DS
                0x0000000000105258       0x7c /opt/devkitpro//libctru/lib/libctru.a(apt.o)
                0x0000000000105258                APT_CheckNew3DS
 .text.hidShouldUseIrrst
                0x00000000001052d4       0x24 /opt/devkitpro//libctru/lib/libctru.a(hid.o)
                0x00000000001052d4                hidShouldUseIrrst
 .text.hidInit  0x00000000001052f8      0x18c /opt/devkitpro//libctru/lib/libctru.a(hid.o)
                0x00000000001052f8                hidInit
 .text.hidExit  0x0000000000105484       0xe8 /opt/devkitpro//libctru/lib/libctru.a(hid.o)
                0x0000000000105484                hidExit
 .text.hidScanInput
                0x000000000010556c      0x2a4 /opt/devkitpro//libctru/lib/libctru.a(hid.o)
                0x000000000010556c                hidScanInput
 .text.hidKeysDown
                0x0000000000105810       0x10 /opt/devkitpro//libctru/lib/libctru.a(hid.o)
                0x0000000000105810                hidKeysDown
 .text.__libctru_init
                0x0000000000105820       0x38 /opt/devkitpro//libctru/lib/libctru.a(ctru_init.o)
                0x0000000000105820                __libctru_init
 .text.__system_initArgv
                0x0000000000105858      0x168 /opt/devkitpro//libctru/lib/libctru.a(initArgv.o)
                0x0000000000105858                __system_initArgv
 .text.svcControlMemory
                0x00000000001059c0       0x20 /opt/devkitpro//libctru/lib/libctru.a(svc.o)
                0x00000000001059c0                svcControlMemory
 .text.svcQueryMemory
                0x00000000001059e0       0x30 /opt/devkitpro//libctru/lib/libctru.a(svc.o)
                0x00000000001059e0                svcQueryMemory
 .text.svcExitProcess
                0x0000000000105a10        0x8 /opt/devkitpro//libctru/lib/libctru.a(svc.o)
                0x0000000000105a10                svcExitProcess
 .text.svcCreateThread
                0x0000000000105a18       0x20 /opt/devkitpro//libctru/lib/libctru.a(svc.o)
                0x0000000000105a18                svcCreateThread
 .text.svcExitThread
                0x0000000000105a38        0x8 /opt/devkitpro//libctru/lib/libctru.a(svc.o)
                0x0000000000105a38                svcExitThread
 .text.svcSleepThread
                0x0000000000105a40        0x8 /opt/devkitpro//libctru/lib/libctru.a(svc.o)
                0x0000000000105a40                svcSleepThread
 .text.svcReleaseMutex
                0x0000000000105a48        0x8 /opt/devkitpro//libctru/lib/libctru.a(svc.o)
                0x0000000000105a48                svcReleaseMutex
 .text.svcCreateEvent
                0x0000000000105a50       0x14 /opt/devkitpro//libctru/lib/libctru.a(svc.o)
                0x0000000000105a50                svcCreateEvent
 .text.svcSignalEvent
                0x0000000000105a64        0x8 /opt/devkitpro//libctru/lib/libctru.a(svc.o)
                0x0000000000105a64                svcSignalEvent
 .text.svcClearEvent
                0x0000000000105a6c        0x8 /opt/devkitpro//libctru/lib/libctru.a(svc.o)
                0x0000000000105a6c                svcClearEvent
 .text.svcMapMemoryBlock
                0x0000000000105a74        0x8 /opt/devkitpro//libctru/lib/libctru.a(svc.o)
                0x0000000000105a74                svcMapMemoryBlock
 .text.svcUnmapMemoryBlock
                0x0000000000105a7c        0x8 /opt/devkitpro//libctru/lib/libctru.a(svc.o)
                0x0000000000105a7c                svcUnmapMemoryBlock
 .text.svcCreateAddressArbiter
                0x0000000000105a84       0x14 /opt/devkitpro//libctru/lib/libctru.a(svc.o)
                0x0000000000105a84                svcCreateAddressArbiter
 .text.svcArbitrateAddressNoTimeout
                0x0000000000105a98        0x8 /opt/devkitpro//libctru/lib/libctru.a(svc.o)
                0x0000000000105a98                svcArbitrateAddressNoTimeout
 .text.svcCloseHandle
                0x0000000000105aa0        0x8 /opt/devkitpro//libctru/lib/libctru.a(svc.o)
                0x0000000000105aa0                svcCloseHandle
 .text.svcWaitSynchronization
                0x0000000000105aa8        0x8 /opt/devkitpro//libctru/lib/libctru.a(svc.o)
                0x0000000000105aa8                svcWaitSynchronization
 .text.svcWaitSynchronizationN
                0x0000000000105ab0       0x28 /opt/devkitpro//libctru/lib/libctru.a(svc.o)
                0x0000000000105ab0                svcWaitSynchronizationN
 .text.svcDuplicateHandle
                0x0000000000105ad8       0x14 /opt/devkitpro//libctru/lib/libctru.a(svc.o)
                0x0000000000105ad8                svcDuplicateHandle
 .text.svcConnectToPort
                0x0000000000105aec       0x14 /opt/devkitpro//libctru/lib/libctru.a(svc.o)
                0x0000000000105aec                svcConnectToPort
 .text.svcSendSyncRequest
                0x0000000000105b00        0x8 /opt/devkitpro//libctru/lib/libctru.a(svc.o)
                0x0000000000105b00                svcSendSyncRequest
 .text.svcGetResourceLimit
                0x0000000000105b08       0x14 /opt/devkitpro//libctru/lib/libctru.a(svc.o)
                0x0000000000105b08                svcGetResourceLimit
 .text.svcGetResourceLimitLimitValues
                0x0000000000105b1c        0x8 /opt/devkitpro//libctru/lib/libctru.a(svc.o)
                0x0000000000105b1c                svcGetResourceLimitLimitValues
 .text.svcGetResourceLimitCurrentValues
                0x0000000000105b24        0x8 /opt/devkitpro//libctru/lib/libctru.a(svc.o)
                0x0000000000105b24                svcGetResourceLimitCurrentValues
 .text.svcBreak
                0x0000000000105b2c        0x8 /opt/devkitpro//libctru/lib/libctru.a(svc.o)
                0x0000000000105b2c                svcBreak
 .text.initSystem
                0x0000000000105b34       0x50 /opt/devkitpro//libctru/lib/libctru.a(stack_adjust.o)
                0x0000000000105b34                initSystem
 .text.__ctru_exit
                0x0000000000105b84       0x18 /opt/devkitpro//libctru/lib/libctru.a(stack_adjust.o)
                0x0000000000105b84                __ctru_exit
 .text._ZL21addrMapNodeComparatorPK11rbtree_nodeS1_
                0x0000000000105b9c       0x24 /opt/devkitpro//libctru/lib/libctru.a(vram.o)
 .text._ZL21addrMapNodeDestructorP11rbtree_node
                0x0000000000105bc0        0x4 /opt/devkitpro//libctru/lib/libctru.a(vram.o)
 .text.vramMemAlignAt
                0x0000000000105bc4      0x258 /opt/devkitpro//libctru/lib/libctru.a(vram.o)
                0x0000000000105bc4                vramMemAlignAt
 .text.vramAlloc
                0x0000000000105e1c        0xc /opt/devkitpro//libctru/lib/libctru.a(vram.o)
                0x0000000000105e1c                vramAlloc
 .text.vramFree
                0x0000000000105e28       0x90 /opt/devkitpro//libctru/lib/libctru.a(vram.o)
                0x0000000000105e28                vramFree
 .text._ZL21addrMapNodeComparatorPK11rbtree_nodeS1_
                0x0000000000105eb8       0x24 /opt/devkitpro//libctru/lib/libctru.a(linear.o)
 .text._ZL21addrMapNodeDestructorP11rbtree_node
                0x0000000000105edc        0x4 /opt/devkitpro//libctru/lib/libctru.a(linear.o)
 .text.linearMemAlign
                0x0000000000105ee0      0x130 /opt/devkitpro//libctru/lib/libctru.a(linear.o)
                0x0000000000105ee0                linearMemAlign
 .text.linearAlloc
                0x0000000000106010        0x8 /opt/devkitpro//libctru/lib/libctru.a(linear.o)
                0x0000000000106010                linearAlloc
 .text.linearFree
                0x0000000000106018       0x5c /opt/devkitpro//libctru/lib/libctru.a(linear.o)
                0x0000000000106018                linearFree
 .text._ZN7MemPool13CoalesceRightEP8MemBlock
                0x0000000000106074       0x80 /opt/devkitpro//libctru/lib/libctru.a(mem_pool.o)
                0x0000000000106074                MemPool::CoalesceRight(MemBlock*)
 .text._ZN7MemPool8AllocateER8MemChunkmi
                0x00000000001060f4      0x174 /opt/devkitpro//libctru/lib/libctru.a(mem_pool.o)
                0x00000000001060f4                MemPool::Allocate(MemChunk&, unsigned long, int)
 .text._ZN7MemPool10DeallocateERK8MemChunk
                0x0000000000106268       0xfc /opt/devkitpro//libctru/lib/libctru.a(mem_pool.o)
                0x0000000000106268                MemPool::Deallocate(MemChunk const&)
 .text._ZN7MemPool12GetFreeSpaceEv
                0x0000000000106364       0x30 /opt/devkitpro//libctru/lib/libctru.a(mem_pool.o)
                0x0000000000106364                MemPool::GetFreeSpace()
 .text.__sync_init
                0x0000000000106394        0xc /opt/devkitpro//libctru/lib/libctru.a(synchronization.o)
                0x0000000000106394                __sync_init
 .text.__sync_fini
                0x00000000001063a0       0x18 /opt/devkitpro//libctru/lib/libctru.a(synchronization.o)
                0x00000000001063a0                __sync_fini
 .text.syncArbitrateAddress
                0x00000000001063b8       0x2c /opt/devkitpro//libctru/lib/libctru.a(synchronization.o)
                0x00000000001063b8                syncArbitrateAddress
 .text.LightLock_Lock
                0x00000000001063e4       0x94 /opt/devkitpro//libctru/lib/libctru.a(synchronization.o)
                0x00000000001063e4                LightLock_Lock
 .text.LightLock_Unlock
                0x0000000000106478       0x40 /opt/devkitpro//libctru/lib/libctru.a(synchronization.o)
                0x0000000000106478                LightLock_Unlock
 .text.RecursiveLock_Init
                0x00000000001064b8       0x24 /opt/devkitpro//libctru/lib/libctru.a(synchronization.o)
                0x00000000001064b8                RecursiveLock_Init
 .text.RecursiveLock_Lock
                0x00000000001064dc       0x30 /opt/devkitpro//libctru/lib/libctru.a(synchronization.o)
                0x00000000001064dc                RecursiveLock_Lock
 .text.RecursiveLock_Unlock
                0x000000000010650c       0x54 /opt/devkitpro//libctru/lib/libctru.a(synchronization.o)
                0x000000000010650c                RecursiveLock_Unlock
 .text.LightEvent_Init
                0x0000000000106560       0x40 /opt/devkitpro//libctru/lib/libctru.a(synchronization.o)
                0x0000000000106560                LightEvent_Init
 .text.LightEvent_Clear
                0x00000000001065a0       0xa4 /opt/devkitpro//libctru/lib/libctru.a(synchronization.o)
                0x00000000001065a0                LightEvent_Clear
 .text.LightEvent_Signal
                0x0000000000106644       0xc8 /opt/devkitpro//libctru/lib/libctru.a(synchronization.o)
                0x0000000000106644                LightEvent_Signal
 .text.LightEvent_TryWait
                0x000000000010670c       0x58 /opt/devkitpro//libctru/lib/libctru.a(synchronization.o)
                0x000000000010670c                LightEvent_TryWait
 .text.LightEvent_Wait
                0x0000000000106764       0xb0 /opt/devkitpro//libctru/lib/libctru.a(synchronization.o)
                0x0000000000106764                LightEvent_Wait
 .text.__ctru_speedup_config
                0x0000000000106814       0x34 /opt/devkitpro//libctru/lib/libctru.a(os.o)
                0x0000000000106814                __ctru_speedup_config
 .text.srvInit  0x0000000000106848      0x124 /opt/devkitpro//libctru/lib/libctru.a(srv.o)
                0x0000000000106848                srvInit
 .text.srvExit  0x000000000010696c       0x58 /opt/devkitpro//libctru/lib/libctru.a(srv.o)
                0x000000000010696c                srvExit
 .text.srvGetServiceHandleDirect
                0x00000000001069c4       0x80 /opt/devkitpro//libctru/lib/libctru.a(srv.o)
                0x00000000001069c4                srvGetServiceHandleDirect
 .text.srvGetServiceHandle
                0x0000000000106a44       0x48 /opt/devkitpro//libctru/lib/libctru.a(srv.o)
                0x0000000000106a44                srvGetServiceHandle
 .text.srvPublishToSubscriber
                0x0000000000106a8c       0x38 /opt/devkitpro//libctru/lib/libctru.a(srv.o)
                0x0000000000106a8c                srvPublishToSubscriber
 .text.threadCreate
                0x0000000000106ac4      0x188 /opt/devkitpro//libctru/lib/libctru.a(thread.o)
                0x0000000000106ac4                threadCreate
 .text.threadFree
                0x0000000000106c4c       0x2c /opt/devkitpro//libctru/lib/libctru.a(thread.o)
                0x0000000000106c4c                threadFree
 .text.threadJoin
                0x0000000000106c78       0x24 /opt/devkitpro//libctru/lib/libctru.a(thread.o)
                0x0000000000106c78                threadJoin
 .text.threadGetCurrent
                0x0000000000106c9c       0x30 /opt/devkitpro//libctru/lib/libctru.a(thread.o)
                0x0000000000106c9c                threadGetCurrent
 .text.threadExit
                0x0000000000106ccc       0x40 /opt/devkitpro//libctru/lib/libctru.a(thread.o)
                0x0000000000106ccc                threadExit
 .text._thread_begin
                0x0000000000106d0c       0x44 /opt/devkitpro//libctru/lib/libctru.a(thread.o)
 .text.mappableFindAddressWithin
                0x0000000000106d50       0x94 /opt/devkitpro//libctru/lib/libctru.a(mappable.o)
 .text.mappableInit
                0x0000000000106de4       0x28 /opt/devkitpro//libctru/lib/libctru.a(mappable.o)
                0x0000000000106de4                mappableInit
 .text.mappableAlloc
                0x0000000000106e0c       0x80 /opt/devkitpro//libctru/lib/libctru.a(mappable.o)
                0x0000000000106e0c                mappableAlloc
 .text.mappableFree
                0x0000000000106e8c        0x4 /opt/devkitpro//libctru/lib/libctru.a(mappable.o)
                0x0000000000106e8c                mappableFree
 .text.irrstInit
                0x0000000000106e90      0x160 /opt/devkitpro//libctru/lib/libctru.a(irrst.o)
                0x0000000000106e90                irrstInit
 .text.irrstExit
                0x0000000000106ff0       0xcc /opt/devkitpro//libctru/lib/libctru.a(irrst.o)
                0x0000000000106ff0                irrstExit
 .text.irrstScanInput
                0x00000000001070bc       0xb4 /opt/devkitpro//libctru/lib/libctru.a(irrst.o)
                0x00000000001070bc                irrstScanInput
 .text.irrstKeysHeld
                0x0000000000107170       0x24 /opt/devkitpro//libctru/lib/libctru.a(irrst.o)
                0x0000000000107170                irrstKeysHeld
 .text.srvPmGetSessionHandle
                0x0000000000107194        0xc /opt/devkitpro//libctru/lib/libctru.a(srvpm.o)
                0x0000000000107194                srvPmGetSessionHandle
 .text.ptmSysmInit
                0x00000000001071a0       0x74 /opt/devkitpro//libctru/lib/libctru.a(ptmsysm.o)
                0x00000000001071a0                ptmSysmInit
 .text.ptmSysmExit
                0x0000000000107214       0x3c /opt/devkitpro//libctru/lib/libctru.a(ptmsysm.o)
                0x0000000000107214                ptmSysmExit
 .text.PTMSYSM_ConfigureNew3DSCPU
                0x0000000000107250       0x34 /opt/devkitpro//libctru/lib/libctru.a(ptmsysm.o)
                0x0000000000107250                PTMSYSM_ConfigureNew3DSCPU
 .text.rbtree_init
                0x0000000000107284       0x10 /opt/devkitpro//libctru/lib/libctru.a(rbtree_init.o)
                0x0000000000107284                rbtree_init
 .text.do_insert
                0x0000000000107294      0x1a8 /opt/devkitpro//libctru/lib/libctru.a(rbtree_insert.o)
 .text.rbtree_insert
                0x000000000010743c        0x8 /opt/devkitpro//libctru/lib/libctru.a(rbtree_insert.o)
                0x000000000010743c                rbtree_insert
 .text.rbtree_rotate
                0x0000000000107444       0x90 /opt/devkitpro//libctru/lib/libctru.a(rbtree_rotate.o)
                0x0000000000107444                rbtree_rotate
 .text.rbtree_remove
                0x00000000001074d4      0x338 /opt/devkitpro//libctru/lib/libctru.a(rbtree_remove.o)
                0x00000000001074d4                rbtree_remove
 .text.rbtree_find
                0x000000000010780c       0x74 /opt/devkitpro//libctru/lib/libctru.a(rbtree_find.o)
                0x000000000010780c                rbtree_find
 .text.__appInit
                0x0000000000107880       0x30 /opt/devkitpro//libctru/lib/libctru.a(appInit.o)
                0x0000000000107880                __appInit
 .text.__syscall_getreent
                0x00000000001078b0       0x30 /opt/devkitpro//libctru/lib/libctru.a(syscalls.o)
                0x00000000001078b0                __syscall_getreent
 .text.__syscall_lock_acquire
                0x00000000001078e0        0x4 /opt/devkitpro//libctru/lib/libctru.a(syscalls.o)
                0x00000000001078e0                __syscall_lock_acquire
 .text.__syscall_lock_release
                0x00000000001078e4        0x4 /opt/devkitpro//libctru/lib/libctru.a(syscalls.o)
                0x00000000001078e4                __syscall_lock_release
 .text.__syscall_lock_init_recursive
                0x00000000001078e8        0x4 /opt/devkitpro//libctru/lib/libctru.a(syscalls.o)
                0x00000000001078e8                __syscall_lock_init_recursive
 .text.__syscall_lock_acquire_recursive
                0x00000000001078ec        0x4 /opt/devkitpro//libctru/lib/libctru.a(syscalls.o)
                0x00000000001078ec                __syscall_lock_acquire_recursive
 .text.__syscall_lock_release_recursive
                0x00000000001078f0        0x4 /opt/devkitpro//libctru/lib/libctru.a(syscalls.o)
                0x00000000001078f0                __syscall_lock_release_recursive
 .text.__syscall_exit
                0x00000000001078f4        0x4 /opt/devkitpro//libctru/lib/libctru.a(syscalls.o)
                0x00000000001078f4                __syscall_exit
 .text.__system_initSyscalls
                0x00000000001078f8       0x60 /opt/devkitpro//libctru/lib/libctru.a(syscalls.o)
                0x00000000001078f8                __system_initSyscalls
 .text.__system_allocateHeaps
                0x0000000000107958      0x1e0 /opt/devkitpro//libctru/lib/libctru.a(allocateHeaps.o)
                0x0000000000107958                __system_allocateHeaps
 .text.__appExit
                0x0000000000107b38       0x30 /opt/devkitpro//libctru/lib/libctru.a(appExit.o)
                0x0000000000107b38                __appExit
 .text.__libctru_exit
                0x0000000000107b68       0x90 /opt/devkitpro//libctru/lib/libctru.a(ctru_exit.o)
                0x0000000000107b68                __libctru_exit
 .text.envGetHandle
                0x0000000000107bf8       0x84 /opt/devkitpro//libctru/lib/libctru.a(env.o)
                0x0000000000107bf8                envGetHandle
 .text.envDestroyHandles
                0x0000000000107c7c       0x50 /opt/devkitpro//libctru/lib/libctru.a(env.o)
                0x0000000000107c7c                envDestroyHandles
 .text.archive_link
                0x0000000000107ccc       0x14 /opt/devkitpro//libctru/lib/libctru.a(archive_dev.o)
 .text.archive_dirreset
                0x0000000000107ce0       0x14 /opt/devkitpro//libctru/lib/libctru.a(archive_dev.o)
 .text.archive_chmod
                0x0000000000107cf4       0x14 /opt/devkitpro//libctru/lib/libctru.a(archive_dev.o)
 .text.error_cmp
                0x0000000000107d08       0x24 /opt/devkitpro//libctru/lib/libctru.a(archive_dev.o)
 .text.archive_translate_error
                0x0000000000107d2c       0x50 /opt/devkitpro//libctru/lib/libctru.a(archive_dev.o)
 .text.archive_seek
                0x0000000000107d7c       0xd4 /opt/devkitpro//libctru/lib/libctru.a(archive_dev.o)
 .text._archiveInit.part.0
                0x0000000000107e50       0x7c /opt/devkitpro//libctru/lib/libctru.a(archive_dev.o)
 .text.archiveFindDevice.part.0
                0x0000000000107ecc       0x8c /opt/devkitpro//libctru/lib/libctru.a(archive_dev.o)
 .text.archive_utf16path
                0x0000000000107f58      0x260 /opt/devkitpro//libctru/lib/libctru.a(archive_dev.o)
 .text._archiveUnmountDeviceStruct.part.0
                0x00000000001081b8       0xa0 /opt/devkitpro//libctru/lib/libctru.a(archive_dev.o)
 .text.archive_fchmod
                0x0000000000108258       0x14 /opt/devkitpro//libctru/lib/libctru.a(archive_dev.o)
 .text.archive_statvfs
                0x000000000010826c       0x14 /opt/devkitpro//libctru/lib/libctru.a(archive_dev.o)
 .text._archiveMountDevice
                0x0000000000108280      0x158 /opt/devkitpro//libctru/lib/libctru.a(archive_dev.o)
 .text.archive_diropen
                0x00000000001083d8       0xe8 /opt/devkitpro//libctru/lib/libctru.a(archive_dev.o)
 .text.archive_fstat
                0x00000000001084c0       0xa4 /opt/devkitpro//libctru/lib/libctru.a(archive_dev.o)
 .text.archive_close
                0x0000000000108564       0x6c /opt/devkitpro//libctru/lib/libctru.a(archive_dev.o)
 .text.archive_fsync
                0x00000000001085d0       0x6c /opt/devkitpro//libctru/lib/libctru.a(archive_dev.o)
 .text.archive_dirclose
                0x000000000010863c       0x70 /opt/devkitpro//libctru/lib/libctru.a(archive_dev.o)
 .text.sdmc_statvfs
                0x00000000001086ac       0xe8 /opt/devkitpro//libctru/lib/libctru.a(archive_dev.o)
 .text.archive_ftruncate
                0x0000000000108794       0x80 /opt/devkitpro//libctru/lib/libctru.a(archive_dev.o)
 .text.archive_chdir
                0x0000000000108814       0xfc /opt/devkitpro//libctru/lib/libctru.a(archive_dev.o)
 .text.archive_read
                0x0000000000108910       0xb0 /opt/devkitpro//libctru/lib/libctru.a(archive_dev.o)
 .text.archive_unlink
                0x00000000001089c0       0xac /opt/devkitpro//libctru/lib/libctru.a(archive_dev.o)
 .text.archive_rmdir
                0x0000000000108a6c       0xc8 /opt/devkitpro//libctru/lib/libctru.a(archive_dev.o)
 .text.archive_mkdir
                0x0000000000108b34       0xec /opt/devkitpro//libctru/lib/libctru.a(archive_dev.o)
 .text.archive_stat
                0x0000000000108c20      0x1a8 /opt/devkitpro//libctru/lib/libctru.a(archive_dev.o)
 .text.archive_rename
                0x0000000000108dc8      0x26c /opt/devkitpro//libctru/lib/libctru.a(archive_dev.o)
 .text.archive_dirnext
                0x0000000000109034      0x168 /opt/devkitpro//libctru/lib/libctru.a(archive_dev.o)
 .text.archive_write
                0x000000000010919c      0x12c /opt/devkitpro//libctru/lib/libctru.a(archive_dev.o)
 .text.archive_open
                0x00000000001092c8      0x1e8 /opt/devkitpro//libctru/lib/libctru.a(archive_dev.o)
 .text.archiveMountSdmc
                0x00000000001094b0      0x1a4 /opt/devkitpro//libctru/lib/libctru.a(archive_dev.o)
                0x00000000001094b0                archiveMountSdmc
 .text.archiveUnmountAll
                0x0000000000109654       0x54 /opt/devkitpro//libctru/lib/libctru.a(archive_dev.o)
                0x0000000000109654                archiveUnmountAll
 .text.fsInit   0x00000000001096a8       0xc8 /opt/devkitpro//libctru/lib/libctru.a(fs.o)
                0x00000000001096a8                fsInit
 .text.fsExit   0x0000000000109770       0x3c /opt/devkitpro//libctru/lib/libctru.a(fs.o)
                0x0000000000109770                fsExit
 .text.fsExemptFromSession
                0x00000000001097ac       0x60 /opt/devkitpro//libctru/lib/libctru.a(fs.o)
                0x00000000001097ac                fsExemptFromSession
 .text.fsUnexemptFromSession
                0x000000000010980c       0x50 /opt/devkitpro//libctru/lib/libctru.a(fs.o)
                0x000000000010980c                fsUnexemptFromSession
 .text.FSUSER_OpenFile
                0x000000000010985c       0xcc /opt/devkitpro//libctru/lib/libctru.a(fs.o)
                0x000000000010985c                FSUSER_OpenFile
 .text.FSUSER_DeleteFile
                0x0000000000109928       0xbc /opt/devkitpro//libctru/lib/libctru.a(fs.o)
                0x0000000000109928                FSUSER_DeleteFile
 .text.FSUSER_RenameFile
                0x00000000001099e4       0xf8 /opt/devkitpro//libctru/lib/libctru.a(fs.o)
                0x00000000001099e4                FSUSER_RenameFile
 .text.FSUSER_DeleteDirectory
                0x0000000000109adc       0xbc /opt/devkitpro//libctru/lib/libctru.a(fs.o)
                0x0000000000109adc                FSUSER_DeleteDirectory
 .text.FSUSER_CreateFile
                0x0000000000109b98       0xd4 /opt/devkitpro//libctru/lib/libctru.a(fs.o)
                0x0000000000109b98                FSUSER_CreateFile
 .text.FSUSER_CreateDirectory
                0x0000000000109c6c       0xc4 /opt/devkitpro//libctru/lib/libctru.a(fs.o)
                0x0000000000109c6c                FSUSER_CreateDirectory
 .text.FSUSER_RenameDirectory
                0x0000000000109d30       0xf8 /opt/devkitpro//libctru/lib/libctru.a(fs.o)
                0x0000000000109d30                FSUSER_RenameDirectory
 .text.FSUSER_OpenDirectory
                0x0000000000109e28       0xb4 /opt/devkitpro//libctru/lib/libctru.a(fs.o)
                0x0000000000109e28                FSUSER_OpenDirectory
 .text.FSUSER_OpenArchive
                0x0000000000109edc       0x94 /opt/devkitpro//libctru/lib/libctru.a(fs.o)
                0x0000000000109edc                FSUSER_OpenArchive
 .text.FSUSER_CloseArchive
                0x0000000000109f70       0x8c /opt/devkitpro//libctru/lib/libctru.a(fs.o)
                0x0000000000109f70                FSUSER_CloseArchive
 .text.FSUSER_GetSdmcArchiveResource
                0x0000000000109ffc       0x74 /opt/devkitpro//libctru/lib/libctru.a(fs.o)
                0x0000000000109ffc                FSUSER_GetSdmcArchiveResource
 .text.FSUSER_IsSdmcWritable
                0x000000000010a070       0x64 /opt/devkitpro//libctru/lib/libctru.a(fs.o)
                0x000000000010a070                FSUSER_IsSdmcWritable
 .text.FSFILE_Read
                0x000000000010a0d4       0x58 /opt/devkitpro//libctru/lib/libctru.a(fs.o)
                0x000000000010a0d4                FSFILE_Read
 .text.FSFILE_Write
                0x000000000010a12c       0x60 /opt/devkitpro//libctru/lib/libctru.a(fs.o)
                0x000000000010a12c                FSFILE_Write
 .text.FSFILE_GetSize
                0x000000000010a18c       0x38 /opt/devkitpro//libctru/lib/libctru.a(fs.o)
                0x000000000010a18c                FSFILE_GetSize
 .text.FSFILE_SetSize
                0x000000000010a1c4       0x28 /opt/devkitpro//libctru/lib/libctru.a(fs.o)
                0x000000000010a1c4                FSFILE_SetSize
 .text.FSFILE_Close
                0x000000000010a1ec       0x3c /opt/devkitpro//libctru/lib/libctru.a(fs.o)
                0x000000000010a1ec                FSFILE_Close
 .text.FSFILE_Flush
                0x000000000010a228       0x24 /opt/devkitpro//libctru/lib/libctru.a(fs.o)
                0x000000000010a228                FSFILE_Flush
 .text.FSDIR_Read
                0x000000000010a24c       0x50 /opt/devkitpro//libctru/lib/libctru.a(fs.o)
                0x000000000010a24c                FSDIR_Read
 .text.FSDIR_Close
                0x000000000010a29c       0x3c /opt/devkitpro//libctru/lib/libctru.a(fs.o)
                0x000000000010a29c                FSDIR_Close
 .text.rbtree_node_next
                0x000000000010a2d8       0x58 /opt/devkitpro//libctru/lib/libctru.a(rbtree_iterator.o)
                0x000000000010a2d8                rbtree_node_next
 .text.utf16_to_utf8
                0x000000000010a330       0xe8 /opt/devkitpro//libctru/lib/libctru.a(utf16_to_utf8.o)
                0x000000000010a330                utf16_to_utf8
 .text.decode_utf16
                0x000000000010a418       0x64 /opt/devkitpro//libctru/lib/libctru.a(decode_utf16.o)
                0x000000000010a418                decode_utf16
 .text.decode_utf8
                0x000000000010a47c      0x13c /opt/devkitpro//libctru/lib/libctru.a(decode_utf8.o)
                0x000000000010a47c                decode_utf8
 .text.utf8_to_utf16
                0x000000000010a5b8       0xc0 /opt/devkitpro//libctru/lib/libctru.a(utf8_to_utf16.o)
                0x000000000010a5b8                utf8_to_utf16
 .text.__aeabi_read_tp
                0x000000000010a678        0xc /opt/devkitpro//libctru/lib/libctru.a(readtp.o)
                0x000000000010a678                __aeabi_read_tp
 .text.encode_utf16
                0x000000000010a684       0x60 /opt/devkitpro//libctru/lib/libctru.a(encode_utf16.o)
                0x000000000010a684                encode_utf16
 .text.encode_utf8
                0x000000000010a6e4       0xfc /opt/devkitpro//libctru/lib/libctru.a(encode_utf8.o)
                0x000000000010a6e4                encode_utf8
 .text.__udivmoddi4
                0x000000000010a7e0      0x120 /opt/devkitpro/devkitARM/bin/../lib/gcc/arm-none-eabi/11.2.0/armv6k/fpu/libgcc.a(_udivmoddi4.o)
                0x000000000010a7e0                __udivmoddi4
 .text.bsearch  0x000000000010a900       0x78 /opt/devkitpro/devkitARM/bin/../lib/gcc/arm-none-eabi/11.2.0/../../../../arm-none-eabi/lib/armv6k/fpu/libg.a(lib_a-bsearch.o)
                0x000000000010a900                bsearch
 .text.__errno  0x000000000010a978        0xc /opt/devkitpro/devkitARM/bin/../lib/gcc/arm-none-eabi/11.2.0/../../../../arm-none-eabi/lib/armv6k/fpu/libg.a(lib_a-errno.o)
                0x000000000010a978                __errno
 .text.exit     0x000000000010a984       0x34 /opt/devkitpro/devkitARM/bin/../lib/gcc/arm-none-eabi/11.2.0/../../../../arm-none-eabi/lib/armv6k/fpu/libg.a(lib_a-exit.o)
                0x000000000010a984                exit
 .text.__sflush_r
                0x000000000010a9b8      0x258 /opt/devkitpro/devkitARM/bin/../lib/gcc/arm-none-eabi/11.2.0/../../../../arm-none-eabi/lib/armv6k/fpu/libg.a(lib_a-fflush.o)
                0x000000000010a9b8                __sflush_r
 .text._fflush_r
                0x000000000010ac10       0x94 /opt/devkitpro/devkitARM/bin/../lib/gcc/arm-none-eabi/11.2.0/../../../../arm-none-eabi/lib/armv6k/fpu/libg.a(lib_a-fflush.o)
                0x000000000010ac10                _fflush_r
 .text._cleanup_r
                0x000000000010aca4        0xc /opt/devkitpro/devkitARM/bin/../lib/gcc/arm-none-eabi/11.2.0/../../../../arm-none-eabi/lib/armv6k/fpu/libg.a(lib_a-findfp.o)
                0x000000000010aca4                _cleanup_r
 .text.__sinit  0x000000000010acb0      0x184 /opt/devkitpro/devkitARM/bin/../lib/gcc/arm-none-eabi/11.2.0/../../../../arm-none-eabi/lib/armv6k/fpu/libg.a(lib_a-findfp.o)
                0x000000000010acb0                __sinit
 .text.__sfp_lock_acquire
                0x000000000010ae34        0xc /opt/devkitpro/devkitARM/bin/../lib/gcc/arm-none-eabi/11.2.0/../../../../arm-none-eabi/lib/armv6k/fpu/libg.a(lib_a-findfp.o)
                0x000000000010ae34                __sfp_lock_acquire
 .text.__sfp_lock_release
                0x000000000010ae40        0xc /opt/devkitpro/devkitARM/bin/../lib/gcc/arm-none-eabi/11.2.0/../../../../arm-none-eabi/lib/armv6k/fpu/libg.a(lib_a-findfp.o)
                0x000000000010ae40                __sfp_lock_release
 .text.__libc_fini_array
                0x000000000010ae4c       0x3c /opt/devkitpro/devkitARM/bin/../lib/gcc/arm-none-eabi/11.2.0/../../../../arm-none-eabi/lib/armv6k/fpu/libg.a(lib_a-fini.o)
                0x000000000010ae4c                __libc_fini_array
 .text._malloc_trim_r
                0x000000000010ae88       0xf8 /opt/devkitpro/devkitARM/bin/../lib/gcc/arm-none-eabi/11.2.0/../../../../arm-none-eabi/lib/armv6k/fpu/libg.a(lib_a-freer.o)
                0x000000000010ae88                _malloc_trim_r
 .text._free_r  0x000000000010af80      0x2e4 /opt/devkitpro/devkitARM/bin/../lib/gcc/arm-none-eabi/11.2.0/../../../../arm-none-eabi/lib/armv6k/fpu/libg.a(lib_a-freer.o)
                0x000000000010af80                _free_r
 .text._fwalk_reent
                0x000000000010b264       0x70 /opt/devkitpro/devkitARM/bin/../lib/gcc/arm-none-eabi/11.2.0/../../../../arm-none-eabi/lib/armv6k/fpu/libg.a(lib_a-fwalk.o)
                0x000000000010b264                _fwalk_reent
 .text.__libc_init_array
                0x000000000010b2d4       0x7c /opt/devkitpro/devkitARM/bin/../lib/gcc/arm-none-eabi/11.2.0/../../../../arm-none-eabi/lib/armv6k/fpu/libg.a(lib_a-init.o)
                0x000000000010b2d4                __libc_init_array
 .text.memalign
                0x000000000010b350       0x28 /opt/devkitpro/devkitARM/bin/../lib/gcc/arm-none-eabi/11.2.0/../../../../arm-none-eabi/lib/armv6k/fpu/libg.a(lib_a-malign.o)
                0x000000000010b350                memalign
 .text._memalign_r
                0x000000000010b378      0x150 /opt/devkitpro/devkitARM/bin/../lib/gcc/arm-none-eabi/11.2.0/../../../../arm-none-eabi/lib/armv6k/fpu/libg.a(lib_a-malignr.o)
                0x000000000010b378                _memalign_r
 .text.malloc   0x000000000010b4c8       0x20 /opt/devkitpro/devkitARM/bin/../lib/gcc/arm-none-eabi/11.2.0/../../../../arm-none-eabi/lib/armv6k/fpu/libg.a(lib_a-malloc.o)
                0x000000000010b4c8                malloc
 .text.free     0x000000000010b4e8       0x20 /opt/devkitpro/devkitARM/bin/../lib/gcc/arm-none-eabi/11.2.0/../../../../arm-none-eabi/lib/armv6k/fpu/libg.a(lib_a-malloc.o)
                0x000000000010b4e8                free
 .text._malloc_r
                0x000000000010b508      0x7e0 /opt/devkitpro/devkitARM/bin/../lib/gcc/arm-none-eabi/11.2.0/../../../../arm-none-eabi/lib/armv6k/fpu/libg.a(lib_a-mallocr.o)
                0x000000000010b508                _malloc_r
 .text.memchr   0x000000000010bce8       0xe0 /opt/devkitpro/devkitARM/bin/../lib/gcc/arm-none-eabi/11.2.0/../../../../arm-none-eabi/lib/armv6k/fpu/libg.a(lib_a-memchr-stub.o)
                0x000000000010bce8                memchr
 .text.memcpy   0x000000000010bdc8      0x11c /opt/devkitpro/devkitARM/bin/../lib/gcc/arm-none-eabi/11.2.0/../../../../arm-none-eabi/lib/armv6k/fpu/libg.a(lib_a-memcpy-stub.o)
                0x000000000010bdc8                memcpy
 .text.memset   0x000000000010bee4      0x118 /opt/devkitpro/devkitARM/bin/../lib/gcc/arm-none-eabi/11.2.0/../../../../arm-none-eabi/lib/armv6k/fpu/libg.a(lib_a-memset.o)
                0x000000000010bee4                memset
 .text.__malloc_lock
                0x000000000010bffc        0xc /opt/devkitpro/devkitARM/bin/../lib/gcc/arm-none-eabi/11.2.0/../../../../arm-none-eabi/lib/armv6k/fpu/libg.a(lib_a-mlock.o)
                0x000000000010bffc                __malloc_lock
 .text.__malloc_unlock
                0x000000000010c008        0xc /opt/devkitpro/devkitARM/bin/../lib/gcc/arm-none-eabi/11.2.0/../../../../arm-none-eabi/lib/armv6k/fpu/libg.a(lib_a-mlock.o)
                0x000000000010c008                __malloc_unlock
 .text.printf   0x000000000010c014       0x34 /opt/devkitpro/devkitARM/bin/../lib/gcc/arm-none-eabi/11.2.0/../../../../arm-none-eabi/lib/armv6k/fpu/libg.a(lib_a-printf.o)
                0x000000000010c014                printf
 .text.setvbuf  0x000000000010c048      0x260 /opt/devkitpro/devkitARM/bin/../lib/gcc/arm-none-eabi/11.2.0/../../../../arm-none-eabi/lib/armv6k/fpu/libg.a(lib_a-setvbuf.o)
                0x000000000010c048                setvbuf
 .text.sscanf   0x000000000010c2a8       0x74 /opt/devkitpro/devkitARM/bin/../lib/gcc/arm-none-eabi/11.2.0/../../../../arm-none-eabi/lib/armv6k/fpu/libg.a(lib_a-sscanf.o)
                0x000000000010c2a8                sscanf
 .text.__sread  0x000000000010c31c       0x44 /opt/devkitpro/devkitARM/bin/../lib/gcc/arm-none-eabi/11.2.0/../../../../arm-none-eabi/lib/armv6k/fpu/libg.a(lib_a-stdio.o)
                0x000000000010c31c                __sread
 .text.__seofread
                0x000000000010c360        0x8 /opt/devkitpro/devkitARM/bin/../lib/gcc/arm-none-eabi/11.2.0/../../../../arm-none-eabi/lib/armv6k/fpu/libg.a(lib_a-stdio.o)
                0x000000000010c360                __seofread
 .text.__swrite
                0x000000000010c368       0x68 /opt/devkitpro/devkitARM/bin/../lib/gcc/arm-none-eabi/11.2.0/../../../../arm-none-eabi/lib/armv6k/fpu/libg.a(lib_a-stdio.o)
                0x000000000010c368                __swrite
 .text.__sseek  0x000000000010c3d0       0x48 /opt/devkitpro/devkitARM/bin/../lib/gcc/arm-none-eabi/11.2.0/../../../../arm-none-eabi/lib/armv6k/fpu/libg.a(lib_a-stdio.o)
                0x000000000010c3d0                __sseek
 .text.__sclose
                0x000000000010c418        0x8 /opt/devkitpro/devkitARM/bin/../lib/gcc/arm-none-eabi/11.2.0/../../../../arm-none-eabi/lib/armv6k/fpu/libg.a(lib_a-stdio.o)
                0x000000000010c418                __sclose
 .text.strlen   0x000000000010c420       0x5c /opt/devkitpro/devkitARM/bin/../lib/gcc/arm-none-eabi/11.2.0/../../../../arm-none-eabi/lib/armv6k/fpu/libg.a(lib_a-strlen-stub.o)
                0x000000000010c420                strlen
 .text.strncat  0x000000000010c47c       0xec /opt/devkitpro/devkitARM/bin/../lib/gcc/arm-none-eabi/11.2.0/../../../../arm-none-eabi/lib/armv6k/fpu/libg.a(lib_a-strncat.o)
                0x000000000010c47c                strncat
 .text.strncmp  0x000000000010c568       0xdc /opt/devkitpro/devkitARM/bin/../lib/gcc/arm-none-eabi/11.2.0/../../../../arm-none-eabi/lib/armv6k/fpu/libg.a(lib_a-strncmp.o)
                0x000000000010c568                strncmp
 .text.strncpy  0x000000000010c644       0xc0 /opt/devkitpro/devkitARM/bin/../lib/gcc/arm-none-eabi/11.2.0/../../../../arm-none-eabi/lib/armv6k/fpu/libg.a(lib_a-strncpy.o)
                0x000000000010c644                strncpy
 .text.strnlen  0x000000000010c704       0x48 /opt/devkitpro/devkitARM/bin/../lib/gcc/arm-none-eabi/11.2.0/../../../../arm-none-eabi/lib/armv6k/fpu/libg.a(lib_a-strnlen.o)
                0x000000000010c704                strnlen
 .text._strtoul_l.constprop.0
                0x000000000010c74c      0x1c4 /opt/devkitpro/devkitARM/bin/../lib/gcc/arm-none-eabi/11.2.0/../../../../arm-none-eabi/lib/armv6k/fpu/libg.a(lib_a-strtoul.o)
 .text._strtoul_r
                0x000000000010c910        0x4 /opt/devkitpro/devkitARM/bin/../lib/gcc/arm-none-eabi/11.2.0/../../../../arm-none-eabi/lib/armv6k/fpu/libg.a(lib_a-strtoul.o)
                0x000000000010c910                _strtoul_r
 .text.strtoul  0x000000000010c914       0x30 /opt/devkitpro/devkitARM/bin/../lib/gcc/arm-none-eabi/11.2.0/../../../../arm-none-eabi/lib/armv6k/fpu/libg.a(lib_a-strtoul.o)
                0x000000000010c914                strtoul
 .text.get_arg  0x000000000010c944       0x50 /opt/devkitpro/devkitARM/bin/../lib/gcc/arm-none-eabi/11.2.0/../../../../arm-none-eabi/lib/armv6k/fpu/libg.a(lib_a-svfscanf.o)
 .text.__ssvfscanf_r
                0x000000000010c994     0x2bbc /opt/devkitpro/devkitARM/bin/../lib/gcc/arm-none-eabi/11.2.0/../../../../arm-none-eabi/lib/armv6k/fpu/libg.a(lib_a-svfscanf.o)
                0x000000000010c994                __ssvfscanf_r
 .text.get_arg  0x000000000010f550      0x628 /opt/devkitpro/devkitARM/bin/../lib/gcc/arm-none-eabi/11.2.0/../../../../arm-none-eabi/lib/armv6k/fpu/libg.a(lib_a-vfprintf.o)
 .text._vfprintf_r
                0x000000000010fb78     0x3684 /opt/devkitpro/devkitARM/bin/../lib/gcc/arm-none-eabi/11.2.0/../../../../arm-none-eabi/lib/armv6k/fpu/libg.a(lib_a-vfprintf.o)
                0x000000000010fb78                _vfprintf_r
 .text.__sbprintf
                0x00000000001131fc       0xd4 /opt/devkitpro/devkitARM/bin/../lib/gcc/arm-none-eabi/11.2.0/../../../../arm-none-eabi/lib/armv6k/fpu/libg.a(lib_a-vfprintf.o)
 .text._vsnprintf_r
                0x00000000001132d0       0xa4 /opt/devkitpro/devkitARM/bin/../lib/gcc/arm-none-eabi/11.2.0/../../../../arm-none-eabi/lib/armv6k/fpu/libg.a(lib_a-vsnprintf.o)
                0x00000000001132d0                _vsnprintf_r
 .text.vsnprintf
                0x0000000000113374       0x38 /opt/devkitpro/devkitARM/bin/../lib/gcc/arm-none-eabi/11.2.0/../../../../arm-none-eabi/lib/armv6k/fpu/libg.a(lib_a-vsnprintf.o)
                0x0000000000113374                vsnprintf
 .text.vsprintf
                0x00000000001133ac       0x5c /opt/devkitpro/devkitARM/bin/../lib/gcc/arm-none-eabi/11.2.0/../../../../arm-none-eabi/lib/armv6k/fpu/libg.a(lib_a-vsprintf.o)
                0x00000000001133ac                vsprintf
 .text._wcrtomb_r
                0x0000000000113408       0x54 /opt/devkitpro/devkitARM/bin/../lib/gcc/arm-none-eabi/11.2.0/../../../../arm-none-eabi/lib/armv6k/fpu/libg.a(lib_a-wcrtomb.o)
                0x0000000000113408                _wcrtomb_r
 .text._wcsrtombs_r
                0x000000000011345c       0x28 /opt/devkitpro/devkitARM/bin/../lib/gcc/arm-none-eabi/11.2.0/../../../../arm-none-eabi/lib/armv6k/fpu/libg.a(lib_a-wcsrtombs.o)
                0x000000000011345c                _wcsrtombs_r
 .text.__swsetup_r
                0x0000000000113484      0x154 /opt/devkitpro/devkitARM/bin/../lib/gcc/arm-none-eabi/11.2.0/../../../../arm-none-eabi/lib/armv6k/fpu/libg.a(lib_a-wsetup.o)
                0x0000000000113484                __swsetup_r
 .text.__call_exitprocs
                0x00000000001135d8      0x114 /opt/devkitpro/devkitARM/bin/../lib/gcc/arm-none-eabi/11.2.0/../../../../arm-none-eabi/lib/armv6k/fpu/libg.a(lib_a-__call_atexit.o)
                0x00000000001135d8                __call_exitprocs
 .text.quorem   0x00000000001136ec      0x1ac /opt/devkitpro/devkitARM/bin/../lib/gcc/arm-none-eabi/11.2.0/../../../../arm-none-eabi/lib/armv6k/fpu/libg.a(lib_a-dtoa.o)
 .text._dtoa_r  0x0000000000113898     0x12cc /opt/devkitpro/devkitARM/bin/../lib/gcc/arm-none-eabi/11.2.0/../../../../arm-none-eabi/lib/armv6k/fpu/libg.a(lib_a-dtoa.o)
                0x0000000000113898                _dtoa_r
 .text._fclose_r
                0x0000000000114b64      0x160 /opt/devkitpro/devkitARM/bin/../lib/gcc/arm-none-eabi/11.2.0/../../../../arm-none-eabi/lib/armv6k/fpu/libg.a(lib_a-fclose.o)
                0x0000000000114b64                _fclose_r
 .text.iswspace
                0x0000000000114cc4        0x8 /opt/devkitpro/devkitARM/bin/../lib/gcc/arm-none-eabi/11.2.0/../../../../arm-none-eabi/lib/armv6k/fpu/libg.a(lib_a-iswspace.o)
                0x0000000000114cc4                iswspace
 .text._localeconv_r
                0x0000000000114ccc        0xc /opt/devkitpro/devkitARM/bin/../lib/gcc/arm-none-eabi/11.2.0/../../../../arm-none-eabi/lib/armv6k/fpu/libg.a(lib_a-localeconv.o)
                0x0000000000114ccc                _localeconv_r
 .text.__locale_mb_cur_max
                0x0000000000114cd8       0x10 /opt/devkitpro/devkitARM/bin/../lib/gcc/arm-none-eabi/11.2.0/../../../../arm-none-eabi/lib/armv6k/fpu/libg.a(lib_a-locale.o)
                0x0000000000114cd8                __locale_mb_cur_max
 .text.__smakebuf_r
                0x0000000000114ce8      0x138 /opt/devkitpro/devkitARM/bin/../lib/gcc/arm-none-eabi/11.2.0/../../../../arm-none-eabi/lib/armv6k/fpu/libg.a(lib_a-makebuf.o)
                0x0000000000114ce8                __smakebuf_r
 .text.__swhatbuf_r
                0x0000000000114e20       0x8c /opt/devkitpro/devkitARM/bin/../lib/gcc/arm-none-eabi/11.2.0/../../../../arm-none-eabi/lib/armv6k/fpu/libg.a(lib_a-makebuf.o)
                0x0000000000114e20                __swhatbuf_r
 .text._mbrtowc_r
                0x0000000000114eac       0x68 /opt/devkitpro/devkitARM/bin/../lib/gcc/arm-none-eabi/11.2.0/../../../../arm-none-eabi/lib/armv6k/fpu/libg.a(lib_a-mbrtowc.o)
                0x0000000000114eac                _mbrtowc_r
 .text.__utf8_mbtowc
                0x0000000000114f14      0x2e4 /opt/devkitpro/devkitARM/bin/../lib/gcc/arm-none-eabi/11.2.0/../../../../arm-none-eabi/lib/armv6k/fpu/libg.a(lib_a-mbtowc_r.o)
                0x0000000000114f14                __utf8_mbtowc
 .text._Balloc  0x00000000001151f8       0x88 /opt/devkitpro/devkitARM/bin/../lib/gcc/arm-none-eabi/11.2.0/../../../../arm-none-eabi/lib/armv6k/fpu/libg.a(lib_a-mprec.o)
                0x00000000001151f8                _Balloc
 .text._Bfree   0x0000000000115280       0x1c /opt/devkitpro/devkitARM/bin/../lib/gcc/arm-none-eabi/11.2.0/../../../../arm-none-eabi/lib/armv6k/fpu/libg.a(lib_a-mprec.o)
                0x0000000000115280                _Bfree
 .text.__multadd
                0x000000000011529c       0xf4 /opt/devkitpro/devkitARM/bin/../lib/gcc/arm-none-eabi/11.2.0/../../../../arm-none-eabi/lib/armv6k/fpu/libg.a(lib_a-mprec.o)
                0x000000000011529c                __multadd
 .text.__s2b    0x0000000000115390      0x110 /opt/devkitpro/devkitARM/bin/../lib/gcc/arm-none-eabi/11.2.0/../../../../arm-none-eabi/lib/armv6k/fpu/libg.a(lib_a-mprec.o)
                0x0000000000115390                __s2b
 .text.__hi0bits
                0x00000000001154a0       0x58 /opt/devkitpro/devkitARM/bin/../lib/gcc/arm-none-eabi/11.2.0/../../../../arm-none-eabi/lib/armv6k/fpu/libg.a(lib_a-mprec.o)
                0x00000000001154a0                __hi0bits
 .text.__lo0bits
                0x00000000001154f8       0x94 /opt/devkitpro/devkitARM/bin/../lib/gcc/arm-none-eabi/11.2.0/../../../../arm-none-eabi/lib/armv6k/fpu/libg.a(lib_a-mprec.o)
                0x00000000001154f8                __lo0bits
 .text.__i2b    0x000000000011558c       0xa4 /opt/devkitpro/devkitARM/bin/../lib/gcc/arm-none-eabi/11.2.0/../../../../arm-none-eabi/lib/armv6k/fpu/libg.a(lib_a-mprec.o)
                0x000000000011558c                __i2b
 .text.__multiply
                0x0000000000115630      0x204 /opt/devkitpro/devkitARM/bin/../lib/gcc/arm-none-eabi/11.2.0/../../../../arm-none-eabi/lib/armv6k/fpu/libg.a(lib_a-mprec.o)
                0x0000000000115630                __multiply
 .text.__pow5mult
                0x0000000000115834      0x120 /opt/devkitpro/devkitARM/bin/../lib/gcc/arm-none-eabi/11.2.0/../../../../arm-none-eabi/lib/armv6k/fpu/libg.a(lib_a-mprec.o)
                0x0000000000115834                __pow5mult
 .text.__lshift
                0x0000000000115954      0x13c /opt/devkitpro/devkitARM/bin/../lib/gcc/arm-none-eabi/11.2.0/../../../../arm-none-eabi/lib/armv6k/fpu/libg.a(lib_a-mprec.o)
                0x0000000000115954                __lshift
 .text.__mcmp   0x0000000000115a90       0x58 /opt/devkitpro/devkitARM/bin/../lib/gcc/arm-none-eabi/11.2.0/../../../../arm-none-eabi/lib/armv6k/fpu/libg.a(lib_a-mprec.o)
                0x0000000000115a90                __mcmp
 .text.__mdiff  0x0000000000115ae8      0x1cc /opt/devkitpro/devkitARM/bin/../lib/gcc/arm-none-eabi/11.2.0/../../../../arm-none-eabi/lib/armv6k/fpu/libg.a(lib_a-mprec.o)
                0x0000000000115ae8                __mdiff
 .text.__ulp    0x0000000000115cb4       0x74 /opt/devkitpro/devkitARM/bin/../lib/gcc/arm-none-eabi/11.2.0/../../../../arm-none-eabi/lib/armv6k/fpu/libg.a(lib_a-mprec.o)
                0x0000000000115cb4                __ulp
 .text.__b2d    0x0000000000115d28       0xd0 /opt/devkitpro/devkitARM/bin/../lib/gcc/arm-none-eabi/11.2.0/../../../../arm-none-eabi/lib/armv6k/fpu/libg.a(lib_a-mprec.o)
                0x0000000000115d28                __b2d
 .text.__d2b    0x0000000000115df8      0x124 /opt/devkitpro/devkitARM/bin/../lib/gcc/arm-none-eabi/11.2.0/../../../../arm-none-eabi/lib/armv6k/fpu/libg.a(lib_a-mprec.o)
                0x0000000000115df8                __d2b
 .text.__ratio  0x0000000000115f1c       0x78 /opt/devkitpro/devkitARM/bin/../lib/gcc/arm-none-eabi/11.2.0/../../../../arm-none-eabi/lib/armv6k/fpu/libg.a(lib_a-mprec.o)
                0x0000000000115f1c                __ratio
 .text.__copybits
                0x0000000000115f94       0x88 /opt/devkitpro/devkitARM/bin/../lib/gcc/arm-none-eabi/11.2.0/../../../../arm-none-eabi/lib/armv6k/fpu/libg.a(lib_a-mprec.o)
                0x0000000000115f94                __copybits
 .text.__any_on
                0x000000000011601c       0x5c /opt/devkitpro/devkitARM/bin/../lib/gcc/arm-none-eabi/11.2.0/../../../../arm-none-eabi/lib/armv6k/fpu/libg.a(lib_a-mprec.o)
                0x000000000011601c                __any_on
 .text.realloc  0x0000000000116078       0x28 /opt/devkitpro/devkitARM/bin/../lib/gcc/arm-none-eabi/11.2.0/../../../../arm-none-eabi/lib/armv6k/fpu/libg.a(lib_a-realloc.o)
                0x0000000000116078                realloc
 .text._realloc_r
                0x00000000001160a0      0x558 /opt/devkitpro/devkitARM/bin/../lib/gcc/arm-none-eabi/11.2.0/../../../../arm-none-eabi/lib/armv6k/fpu/libg.a(lib_a-reallocr.o)
                0x00000000001160a0                _realloc_r
 .text.__sccl   0x00000000001165f8       0xe4 /opt/devkitpro/devkitARM/bin/../lib/gcc/arm-none-eabi/11.2.0/../../../../arm-none-eabi/lib/armv6k/fpu/libg.a(lib_a-sccl.o)
                0x00000000001165f8                __sccl
 .text.nanf     0x00000000001166dc        0xc /opt/devkitpro/devkitARM/bin/../lib/gcc/arm-none-eabi/11.2.0/../../../../arm-none-eabi/lib/armv6k/fpu/libg.a(lib_a-sf_nan.o)
                0x00000000001166dc                nanf
 .text.frexp    0x00000000001166e8       0xa8 /opt/devkitpro/devkitARM/bin/../lib/gcc/arm-none-eabi/11.2.0/../../../../arm-none-eabi/lib/armv6k/fpu/libg.a(lib_a-s_frexp.o)
                0x00000000001166e8                frexp
 .text.sprintf  0x0000000000116790       0x64 /opt/devkitpro/devkitARM/bin/../lib/gcc/arm-none-eabi/11.2.0/../../../../arm-none-eabi/lib/armv6k/fpu/libg.a(lib_a-sprintf.o)
                0x0000000000116790                sprintf
 .text.stpncpy  0x00000000001167f4       0xb8 /opt/devkitpro/devkitARM/bin/../lib/gcc/arm-none-eabi/11.2.0/../../../../arm-none-eabi/lib/armv6k/fpu/libg.a(lib_a-stpncpy.o)
                0x00000000001167f4                stpncpy
 .text.strchr   0x00000000001168ac      0x12c /opt/devkitpro/devkitARM/bin/../lib/gcc/arm-none-eabi/11.2.0/../../../../arm-none-eabi/lib/armv6k/fpu/libg.a(lib_a-strchr.o)
                0x00000000001168ac                strchr
 .text._strtod_l
                0x00000000001169d8     0x1368 /opt/devkitpro/devkitARM/bin/../lib/gcc/arm-none-eabi/11.2.0/../../../../arm-none-eabi/lib/armv6k/fpu/libg.a(lib_a-strtod.o)
                0x00000000001169d8                _strtod_l
 .text._strtod_r
                0x0000000000117d40        0xc /opt/devkitpro/devkitARM/bin/../lib/gcc/arm-none-eabi/11.2.0/../../../../arm-none-eabi/lib/armv6k/fpu/libg.a(lib_a-strtod.o)
                0x0000000000117d40                _strtod_r
 .text._strtoll_l.constprop.0
                0x0000000000117d4c      0x22c /opt/devkitpro/devkitARM/bin/../lib/gcc/arm-none-eabi/11.2.0/../../../../arm-none-eabi/lib/armv6k/fpu/libg.a(lib_a-strtoll.o)
 .text._strtoll_r
                0x0000000000117f78        0x4 /opt/devkitpro/devkitARM/bin/../lib/gcc/arm-none-eabi/11.2.0/../../../../arm-none-eabi/lib/armv6k/fpu/libg.a(lib_a-strtoll.o)
                0x0000000000117f78                _strtoll_r
 .text._strtol_l.part.0
                0x0000000000117f7c      0x1a4 /opt/devkitpro/devkitARM/bin/../lib/gcc/arm-none-eabi/11.2.0/../../../../arm-none-eabi/lib/armv6k/fpu/libg.a(lib_a-strtol.o)
 .text._strtol_r
                0x0000000000118120       0x3c /opt/devkitpro/devkitARM/bin/../lib/gcc/arm-none-eabi/11.2.0/../../../../arm-none-eabi/lib/armv6k/fpu/libg.a(lib_a-strtol.o)
                0x0000000000118120                _strtol_r
 .text._strtoull_l.constprop.0
                0x000000000011815c      0x244 /opt/devkitpro/devkitARM/bin/../lib/gcc/arm-none-eabi/11.2.0/../../../../arm-none-eabi/lib/armv6k/fpu/libg.a(lib_a-strtoull.o)
 .text._strtoull_r
                0x00000000001183a0        0x4 /opt/devkitpro/devkitARM/bin/../lib/gcc/arm-none-eabi/11.2.0/../../../../arm-none-eabi/lib/armv6k/fpu/libg.a(lib_a-strtoull.o)
                0x00000000001183a0                _strtoull_r
 .text.__ssprint_r
                0x00000000001183a4      0x190 /opt/devkitpro/devkitARM/bin/../lib/gcc/arm-none-eabi/11.2.0/../../../../arm-none-eabi/lib/armv6k/fpu/libg.a(lib_a-svfiprintf.o)
                0x00000000001183a4                __ssprint_r
 .text._sungetc_r
                0x0000000000118534       0xe0 /opt/devkitpro/devkitARM/bin/../lib/gcc/arm-none-eabi/11.2.0/../../../../arm-none-eabi/lib/armv6k/fpu/libg.a(lib_a-svfiscanf.o)
                0x0000000000118534                _sungetc_r
 .text.__ssrefill_r
                0x0000000000118614       0x6c /opt/devkitpro/devkitARM/bin/../lib/gcc/arm-none-eabi/11.2.0/../../../../arm-none-eabi/lib/armv6k/fpu/libg.a(lib_a-svfiscanf.o)
                0x0000000000118614                __ssrefill_r
 .text._sfread_r
                0x0000000000118680       0xc8 /opt/devkitpro/devkitARM/bin/../lib/gcc/arm-none-eabi/11.2.0/../../../../arm-none-eabi/lib/armv6k/fpu/libg.a(lib_a-svfiscanf.o)
                0x0000000000118680                _sfread_r
 .text.get_arg  0x0000000000118748      0x628 /opt/devkitpro/devkitARM/bin/../lib/gcc/arm-none-eabi/11.2.0/../../../../arm-none-eabi/lib/armv6k/fpu/libg.a(lib_a-svfprintf.o)
 .text._svfprintf_r
                0x0000000000118d70     0x35b8 /opt/devkitpro/devkitARM/bin/../lib/gcc/arm-none-eabi/11.2.0/../../../../arm-none-eabi/lib/armv6k/fpu/libg.a(lib_a-svfprintf.o)
                0x0000000000118d70                _svfprintf_r
 .text.__submore
                0x000000000011c328       0xa8 /opt/devkitpro/devkitARM/bin/../lib/gcc/arm-none-eabi/11.2.0/../../../../arm-none-eabi/lib/armv6k/fpu/libg.a(lib_a-ungetc.o)
                0x000000000011c328                __submore
 .text.get_arg  0x000000000011c3d0      0x628 /opt/devkitpro/devkitARM/bin/../lib/gcc/arm-none-eabi/11.2.0/../../../../arm-none-eabi/lib/armv6k/fpu/libg.a(lib_a-vfiprintf.o)
 .text.__sprint_r
                0x000000000011c9f8       0x30 /opt/devkitpro/devkitARM/bin/../lib/gcc/arm-none-eabi/11.2.0/../../../../arm-none-eabi/lib/armv6k/fpu/libg.a(lib_a-vfiprintf.o)
                0x000000000011c9f8                __sprint_r
 .text._vfiprintf_r
                0x000000000011ca28     0x233c /opt/devkitpro/devkitARM/bin/../lib/gcc/arm-none-eabi/11.2.0/../../../../arm-none-eabi/lib/armv6k/fpu/libg.a(lib_a-vfiprintf.o)
                0x000000000011ca28                _vfiprintf_r
 .text.__sbprintf
                0x000000000011ed64       0xd4 /opt/devkitpro/devkitARM/bin/../lib/gcc/arm-none-eabi/11.2.0/../../../../arm-none-eabi/lib/armv6k/fpu/libg.a(lib_a-vfiprintf.o)
 .text._wcsnrtombs_l
                0x000000000011ee38      0x190 /opt/devkitpro/devkitARM/bin/../lib/gcc/arm-none-eabi/11.2.0/../../../../arm-none-eabi/lib/armv6k/fpu/libg.a(lib_a-wcsnrtombs.o)
                0x000000000011ee38                _wcsnrtombs_l
 .text._wcsnrtombs_r
                0x000000000011efc8       0x4c /opt/devkitpro/devkitARM/bin/../lib/gcc/arm-none-eabi/11.2.0/../../../../arm-none-eabi/lib/armv6k/fpu/libg.a(lib_a-wcsnrtombs.o)
                0x000000000011efc8                _wcsnrtombs_r
 .text.__utf8_wctomb
                0x000000000011f014       0xf0 /opt/devkitpro/devkitARM/bin/../lib/gcc/arm-none-eabi/11.2.0/../../../../arm-none-eabi/lib/armv6k/fpu/libg.a(lib_a-wctomb_r.o)
                0x000000000011f014                __utf8_wctomb
 .text.__assert_func
                0x000000000011f104       0x54 /opt/devkitpro/devkitARM/bin/../lib/gcc/arm-none-eabi/11.2.0/../../../../arm-none-eabi/lib/armv6k/fpu/libg.a(lib_a-assert.o)
                0x000000000011f104                __assert_func
 .text._calloc_r
                0x000000000011f158       0xbc /opt/devkitpro/devkitARM/bin/../lib/gcc/arm-none-eabi/11.2.0/../../../../arm-none-eabi/lib/armv6k/fpu/libg.a(lib_a-callocr.o)
                0x000000000011f158                _calloc_r
 .text.fiprintf
                0x000000000011f214       0x3c /opt/devkitpro/devkitARM/bin/../lib/gcc/arm-none-eabi/11.2.0/../../../../arm-none-eabi/lib/armv6k/fpu/libg.a(lib_a-fiprintf.o)
                0x000000000011f214                fiprintf
 .text.__sfvwrite_r
                0x000000000011f250      0x4c0 /opt/devkitpro/devkitARM/bin/../lib/gcc/arm-none-eabi/11.2.0/../../../../arm-none-eabi/lib/armv6k/fpu/libg.a(lib_a-fvwrite.o)
                0x000000000011f250                __sfvwrite_r
 .text.rshift   0x000000000011f710       0xec /opt/devkitpro/devkitARM/bin/../lib/gcc/arm-none-eabi/11.2.0/../../../../arm-none-eabi/lib/armv6k/fpu/libg.a(lib_a-gdtoa-gethex.o)
 .text.__gethex
                0x000000000011f7fc      0x904 /opt/devkitpro/devkitARM/bin/../lib/gcc/arm-none-eabi/11.2.0/../../../../arm-none-eabi/lib/armv6k/fpu/libg.a(lib_a-gdtoa-gethex.o)
                0x000000000011f7fc                __gethex
 .text.__match  0x0000000000120100       0x4c /opt/devkitpro/devkitARM/bin/../lib/gcc/arm-none-eabi/11.2.0/../../../../arm-none-eabi/lib/armv6k/fpu/libg.a(lib_a-gdtoa-hexnan.o)
                0x0000000000120100                __match
 .text.__hexnan
                0x000000000012014c      0x29c /opt/devkitpro/devkitARM/bin/../lib/gcc/arm-none-eabi/11.2.0/../../../../arm-none-eabi/lib/armv6k/fpu/libg.a(lib_a-gdtoa-hexnan.o)
                0x000000000012014c                __hexnan
 .text.iswspace_l
                0x00000000001203e8       0x3c /opt/devkitpro/devkitARM/bin/../lib/gcc/arm-none-eabi/11.2.0/../../../../arm-none-eabi/lib/armv6k/fpu/libg.a(lib_a-iswspace_l.o)
                0x00000000001203e8                iswspace_l
 .text.__jp2uc  0x0000000000120424      0x1d4 /opt/devkitpro/devkitARM/bin/../lib/gcc/arm-none-eabi/11.2.0/../../../../arm-none-eabi/lib/armv6k/fpu/libg.a(lib_a-jp2uc.o)
 .text._jp2uc_l
                0x00000000001205f8       0x9c /opt/devkitpro/devkitARM/bin/../lib/gcc/arm-none-eabi/11.2.0/../../../../arm-none-eabi/lib/armv6k/fpu/libg.a(lib_a-jp2uc.o)
                0x00000000001205f8                _jp2uc_l
 .text.memmove  0x0000000000120694      0x154 /opt/devkitpro/devkitARM/bin/../lib/gcc/arm-none-eabi/11.2.0/../../../../arm-none-eabi/lib/armv6k/fpu/libg.a(lib_a-memmove.o)
                0x0000000000120694                memmove
 .text.nan      0x00000000001207e8       0x10 /opt/devkitpro/devkitARM/bin/../lib/gcc/arm-none-eabi/11.2.0/../../../../arm-none-eabi/lib/armv6k/fpu/libg.a(lib_a-s_nan.o)
                0x00000000001207e8                nan
 .text.abort    0x00000000001207f8       0x14 /opt/devkitpro/devkitARM/bin/../lib/gcc/arm-none-eabi/11.2.0/../../../../arm-none-eabi/lib/armv6k/fpu/libg.a(lib_a-abort.o)
                0x00000000001207f8                abort
 .text.category
                0x000000000012080c       0x84 /opt/devkitpro/devkitARM/bin/../lib/gcc/arm-none-eabi/11.2.0/../../../../arm-none-eabi/lib/armv6k/fpu/libg.a(lib_a-categories.o)
                0x000000000012080c                category
 .text._raise_r
                0x0000000000120890       0x98 /opt/devkitpro/devkitARM/bin/../lib/gcc/arm-none-eabi/11.2.0/../../../../arm-none-eabi/lib/armv6k/fpu/libg.a(lib_a-signal.o)
                0x0000000000120890                _raise_r
 .text.raise    0x0000000000120928       0x20 /opt/devkitpro/devkitARM/bin/../lib/gcc/arm-none-eabi/11.2.0/../../../../arm-none-eabi/lib/armv6k/fpu/libg.a(lib_a-signal.o)
                0x0000000000120928                raise
 .text.null_write
                0x0000000000120948        0x8 /opt/devkitpro/devkitARM/bin/../lib/gcc/arm-none-eabi/11.2.0/../../../../arm-none-eabi/lib/armv6k/fpu/libsysbase.a(iosupport.o)
 .text.setDefaultDevice
                0x0000000000120950       0x18 /opt/devkitpro/devkitARM/bin/../lib/gcc/arm-none-eabi/11.2.0/../../../../arm-none-eabi/lib/armv6k/fpu/libsysbase.a(iosupport.o)
                0x0000000000120950                setDefaultDevice
 .text.FindDevice
                0x0000000000120968       0xc8 /opt/devkitpro/devkitARM/bin/../lib/gcc/arm-none-eabi/11.2.0/../../../../arm-none-eabi/lib/armv6k/fpu/libsysbase.a(iosupport.o)
                0x0000000000120968                FindDevice
 .text.RemoveDevice
                0x0000000000120a30       0x28 /opt/devkitpro/devkitARM/bin/../lib/gcc/arm-none-eabi/11.2.0/../../../../arm-none-eabi/lib/armv6k/fpu/libsysbase.a(iosupport.o)
                0x0000000000120a30                RemoveDevice
 .text.AddDevice
                0x0000000000120a58       0x9c /opt/devkitpro/devkitARM/bin/../lib/gcc/arm-none-eabi/11.2.0/../../../../arm-none-eabi/lib/armv6k/fpu/libsysbase.a(iosupport.o)
                0x0000000000120a58                AddDevice
 .text.GetDeviceOpTab
                0x0000000000120af4       0x20 /opt/devkitpro/devkitARM/bin/../lib/gcc/arm-none-eabi/11.2.0/../../../../arm-none-eabi/lib/armv6k/fpu/libsysbase.a(iosupport.o)
                0x0000000000120af4                GetDeviceOpTab
 .text._fstat_r
                0x0000000000120b14       0x78 /opt/devkitpro/devkitARM/bin/../lib/gcc/arm-none-eabi/11.2.0/../../../../arm-none-eabi/lib/armv6k/fpu/libsysbase.a(fstat.o)
                0x0000000000120b14                _fstat_r
 .text._getpid_r
                0x0000000000120b8c       0x14 /opt/devkitpro/devkitARM/bin/../lib/gcc/arm-none-eabi/11.2.0/../../../../arm-none-eabi/lib/armv6k/fpu/libsysbase.a(getpid.o)
                0x0000000000120b8c                _getpid_r
 .text._isatty_r
                0x0000000000120ba0        0x8 /opt/devkitpro/devkitARM/bin/../lib/gcc/arm-none-eabi/11.2.0/../../../../arm-none-eabi/lib/armv6k/fpu/libsysbase.a(isatty.o)
                0x0000000000120ba0                _isatty_r
 .text._kill_r  0x0000000000120ba8       0x14 /opt/devkitpro/devkitARM/bin/../lib/gcc/arm-none-eabi/11.2.0/../../../../arm-none-eabi/lib/armv6k/fpu/libsysbase.a(kill.o)
                0x0000000000120ba8                _kill_r
 .text._lseek_r
                0x0000000000120bbc       0x84 /opt/devkitpro/devkitARM/bin/../lib/gcc/arm-none-eabi/11.2.0/../../../../arm-none-eabi/lib/armv6k/fpu/libsysbase.a(lseek.o)
                0x0000000000120bbc                _lseek_r
 .text._read_r  0x0000000000120c40       0x80 /opt/devkitpro/devkitARM/bin/../lib/gcc/arm-none-eabi/11.2.0/../../../../arm-none-eabi/lib/armv6k/fpu/libsysbase.a(read.o)
                0x0000000000120c40                _read_r
 .text._sbrk_r  0x0000000000120cc0       0x78 /opt/devkitpro/devkitARM/bin/../lib/gcc/arm-none-eabi/11.2.0/../../../../arm-none-eabi/lib/armv6k/fpu/libsysbase.a(sbrk.o)
                0x0000000000120cc0                _sbrk_r
 .text._write_r
                0x0000000000120d38       0x80 /opt/devkitpro/devkitARM/bin/../lib/gcc/arm-none-eabi/11.2.0/../../../../arm-none-eabi/lib/armv6k/fpu/libsysbase.a(write.o)
                0x0000000000120d38                _write_r
 .text._exit    0x0000000000120db8       0x20 /opt/devkitpro/devkitARM/bin/../lib/gcc/arm-none-eabi/11.2.0/../../../../arm-none-eabi/lib/armv6k/fpu/libsysbase.a(_exit.o)
                0x0000000000120db8                _exit
 .text._concatenate_path
                0x0000000000120dd8      0x1b8 /opt/devkitpro/devkitARM/bin/../lib/gcc/arm-none-eabi/11.2.0/../../../../arm-none-eabi/lib/armv6k/fpu/libsysbase.a(chdir.o)
                0x0000000000120dd8                _concatenate_path
 .text.chdir    0x0000000000120f90      0x160 /opt/devkitpro/devkitARM/bin/../lib/gcc/arm-none-eabi/11.2.0/../../../../arm-none-eabi/lib/armv6k/fpu/libsysbase.a(chdir.o)
                0x0000000000120f90                chdir
 .text.__flockfile
                0x00000000001210f0        0x8 /opt/devkitpro/devkitARM/bin/../lib/gcc/arm-none-eabi/11.2.0/../../../../arm-none-eabi/lib/armv6k/fpu/libsysbase.a(flock.o)
                0x00000000001210f0                __flockfile
 .text.__funlockfile
                0x00000000001210f8        0x8 /opt/devkitpro/devkitARM/bin/../lib/gcc/arm-none-eabi/11.2.0/../../../../arm-none-eabi/lib/armv6k/fpu/libsysbase.a(flock.o)
                0x00000000001210f8                __funlockfile
 .text.__get_handle
                0x0000000000121100       0x3c /opt/devkitpro/devkitARM/bin/../lib/gcc/arm-none-eabi/11.2.0/../../../../arm-none-eabi/lib/armv6k/fpu/libsysbase.a(handle_manager.o)
                0x0000000000121100                __get_handle
 .text._close_r
                0x000000000012113c       0xf4 /opt/devkitpro/devkitARM/bin/../lib/gcc/arm-none-eabi/11.2.0/../../../../arm-none-eabi/lib/armv6k/fpu/libsysbase.a(handle_manager.o)
                0x000000000012113c                _close_r
 .text.__getreent
                0x0000000000121230       0x2c /opt/devkitpro/devkitARM/bin/../lib/gcc/arm-none-eabi/11.2.0/../../../../arm-none-eabi/lib/armv6k/fpu/libsysbase.a(getreent.o)
                0x0000000000121230                __getreent
 .text.__libc_lock_acquire
                0x000000000012125c       0x1c /opt/devkitpro/devkitARM/bin/../lib/gcc/arm-none-eabi/11.2.0/../../../../arm-none-eabi/lib/armv6k/fpu/libsysbase.a(syscall_support.o)
                0x000000000012125c                __libc_lock_acquire
 .text.__libc_lock_release
                0x0000000000121278       0x1c /opt/devkitpro/devkitARM/bin/../lib/gcc/arm-none-eabi/11.2.0/../../../../arm-none-eabi/lib/armv6k/fpu/libsysbase.a(syscall_support.o)
                0x0000000000121278                __libc_lock_release
 .text.__libc_lock_init_recursive
                0x0000000000121294       0x1c /opt/devkitpro/devkitARM/bin/../lib/gcc/arm-none-eabi/11.2.0/../../../../arm-none-eabi/lib/armv6k/fpu/libsysbase.a(syscall_support.o)
                0x0000000000121294                __libc_lock_init_recursive
 .text.__libc_lock_acquire_recursive
                0x00000000001212b0       0x1c /opt/devkitpro/devkitARM/bin/../lib/gcc/arm-none-eabi/11.2.0/../../../../arm-none-eabi/lib/armv6k/fpu/libsysbase.a(syscall_support.o)
                0x00000000001212b0                __libc_lock_acquire_recursive
 .text.__libc_lock_release_recursive
                0x00000000001212cc       0x1c /opt/devkitpro/devkitARM/bin/../lib/gcc/arm-none-eabi/11.2.0/../../../../arm-none-eabi/lib/armv6k/fpu/libsysbase.a(syscall_support.o)
                0x00000000001212cc                __libc_lock_release_recursive
 .text.__libc_lock_close_recursive
                0x00000000001212e8       0x1c /opt/devkitpro/devkitARM/bin/../lib/gcc/arm-none-eabi/11.2.0/../../../../arm-none-eabi/lib/armv6k/fpu/libsysbase.a(syscall_support.o)
                0x00000000001212e8                __libc_lock_close_recursive
 .text.__fixdfdi
                0x0000000000121304       0x38 /opt/devkitpro/devkitARM/bin/../lib/gcc/arm-none-eabi/11.2.0/armv6k/fpu/libgcc.a(_fixdfdi.o)
                0x0000000000121304                __aeabi_d2lz
                0x0000000000121304                __fixdfdi
 *fill*         0x000000000012133c        0x4 
 .text.__fixunsdfdi
                0x0000000000121340       0x40 /opt/devkitpro/devkitARM/bin/../lib/gcc/arm-none-eabi/11.2.0/armv6k/fpu/libgcc.a(_fixunsdfdi.o)
                0x0000000000121340                __aeabi_d2ulz
                0x0000000000121340                __fixunsdfdi
 .text.strrchr  0x0000000000121380       0x44 /opt/devkitpro/devkitARM/bin/../lib/gcc/arm-none-eabi/11.2.0/../../../../arm-none-eabi/lib/armv6k/fpu/libg.a(lib_a-strrchr.o)
                0x0000000000121380                strrchr
 *(.glue_7)
 .glue_7        0x00000000001213c4        0x0 linker stubs
 *(.glue_7t)
 .glue_7t       0x00000000001213c4        0x0 linker stubs
 *(.stub)
 *(.gnu.warning)
 *(.gnu.linkonce.t*)
                0x00000000001213c4                . = ALIGN (0x4)
 *(.fini)
 .fini          0x00000000001213c4        0xc /opt/devkitpro/devkitARM/bin/../lib/gcc/arm-none-eabi/11.2.0/armv6k/fpu/crti.o
                0x00000000001213c4                _fini
 .fini          0x00000000001213d0        0xc /opt/devkitpro/devkitARM/bin/../lib/gcc/arm-none-eabi/11.2.0/armv6k/fpu/crtn.o
                0x00000000001213dc                . = ALIGN (0x4)

.vfp11_veneer   0x00000000001213dc        0x0
 .vfp11_veneer  0x00000000001213dc        0x0 linker stubs

.v4_bx          0x00000000001213dc        0x0
 .v4_bx         0x00000000001213dc        0x0 linker stubs

.iplt           0x00000000001213dc        0x0
 .iplt          0x00000000001213dc        0x0 /opt/devkitpro/devkitARM/bin/../lib/gcc/arm-none-eabi/11.2.0/../../../../arm-none-eabi/lib/armv6k/fpu/3dsx_crt0.o
                0x0000000000122000                . = ALIGN (0x1000)

.rodata         0x0000000000122000     0x7970
 *(.rodata)
 .rodata        0x0000000000122000        0x3 /opt/devkitpro//libctru/lib/libctru.a(apt.o)
 *fill*         0x0000000000122003        0x1 
 .rodata        0x0000000000122004        0xc /opt/devkitpro//libctru/lib/libctru.a(archive_dev.o)
 *(.roda)
 *(.rodata.*)
 .rodata.str1.4
                0x0000000000122010       0x1c main.o
 .rodata.parseColor.str1.4
                0x000000000012202c       0x1b /opt/devkitpro//libctru/lib/libctru.a(console.o)
 *fill*         0x0000000000122047        0x1 
 .rodata.con_write.str1.4
                0x0000000000122048       0x4a /opt/devkitpro//libctru/lib/libctru.a(console.o)
 *fill*         0x0000000000122092        0x2 
 .rodata.str1.4
                0x0000000000122094       0x10 /opt/devkitpro//libctru/lib/libctru.a(console.o)
 .rodata.colorCube
                0x00000000001220a4        0x6 /opt/devkitpro//libctru/lib/libctru.a(console.o)
 *fill*         0x00000000001220aa        0x2 
 .rodata.colorTable
                0x00000000001220ac       0x30 /opt/devkitpro//libctru/lib/libctru.a(console.o)
 .rodata.dotab_stdout
                0x00000000001220dc       0x70 /opt/devkitpro//libctru/lib/libctru.a(console.o)
 .rodata.grayScale
                0x000000000012214c       0x18 /opt/devkitpro//libctru/lib/libctru.a(console.o)
 .rodata.gspInit.str1.4
                0x0000000000122164        0x9 /opt/devkitpro//libctru/lib/libctru.a(gspgpu.o)
 *fill*         0x000000000012216d        0x3 
 .rodata.aptSendCommand.str1.4
                0x0000000000122170       0x16 /opt/devkitpro//libctru/lib/libctru.a(apt.o)
 *fill*         0x0000000000122186        0x2 
 .rodata.morton_x.3
                0x0000000000122188        0x8 /opt/devkitpro//libctru/lib/libctru.a(apt.o)
 .rodata.morton_y.2
                0x0000000000122190        0x8 /opt/devkitpro//libctru/lib/libctru.a(apt.o)
 .rodata.s_sleepWakeEvents.4
                0x0000000000122198        0x8 /opt/devkitpro//libctru/lib/libctru.a(apt.o)
 .rodata.hidInit.str1.4
                0x00000000001221a0       0x15 /opt/devkitpro//libctru/lib/libctru.a(hid.o)
 *fill*         0x00000000001221b5        0x3 
 .rodata.__system_initArgv.str1.4
                0x00000000001221b8        0xa /opt/devkitpro//libctru/lib/libctru.a(initArgv.o)
 *fill*         0x00000000001221c2        0x2 
 .rodata.default_font_bin
                0x00000000001221c4      0x800 /opt/devkitpro//libctru/lib/libctru.a(default_font.bin.o)
                0x00000000001221c4                default_font_bin
                0x00000000001229c4                default_font_bin_end
 .rodata.srvInit.str1.4
                0x00000000001229c4        0x5 /opt/devkitpro//libctru/lib/libctru.a(srv.o)
 *fill*         0x00000000001229c9        0x3 
 .rodata.irrstInit.str1.4
                0x00000000001229cc        0x7 /opt/devkitpro//libctru/lib/libctru.a(irrst.o)
 *fill*         0x00000000001229d3        0x1 
 .rodata.ptmSysmInit.str1.4
                0x00000000001229d4        0x9 /opt/devkitpro//libctru/lib/libctru.a(ptmsysm.o)
 *fill*         0x00000000001229dd        0x3 
 .rodata._archiveUnmountDeviceStruct.part.0.str1.4
                0x00000000001229e0        0x2 /opt/devkitpro//libctru/lib/libctru.a(archive_dev.o)
 *fill*         0x00000000001229e2        0x2 
 .rodata._archiveMountDevice.str1.4
                0x00000000001229e4        0x8 /opt/devkitpro//libctru/lib/libctru.a(archive_dev.o)
                                          0xc (size before relaxing)
 .rodata.archiveMountSdmc.str1.4
                0x00000000001229ec        0x5 /opt/devkitpro//libctru/lib/libctru.a(archive_dev.o)
 *fill*         0x00000000001229f1        0x3 
 .rodata.str1.4
                0x00000000001229f4        0x8 /opt/devkitpro//libctru/lib/libctru.a(archive_dev.o)
 .rodata.archive_devoptab
                0x00000000001229fc       0x70 /opt/devkitpro//libctru/lib/libctru.a(archive_dev.o)
 .rodata.error_table
                0x0000000000122a6c       0x30 /opt/devkitpro//libctru/lib/libctru.a(archive_dev.o)
 .rodata.fsInit.str1.4
                0x0000000000122a9c        0x8 /opt/devkitpro//libctru/lib/libctru.a(fs.o)
 .rodata._global_impure_ptr
                0x0000000000122aa4        0x4 /opt/devkitpro/devkitARM/bin/../lib/gcc/arm-none-eabi/11.2.0/../../../../arm-none-eabi/lib/armv6k/fpu/libg.a(lib_a-impure.o)
                0x0000000000122aa4                _global_impure_ptr
 .rodata.__ssvfscanf_r.str1.1
                0x0000000000122aa8        0x5 /opt/devkitpro/devkitARM/bin/../lib/gcc/arm-none-eabi/11.2.0/../../../../arm-none-eabi/lib/armv6k/fpu/libg.a(lib_a-svfscanf.o)
                                          0x6 (size before relaxing)
 *fill*         0x0000000000122aad        0x3 
 .rodata.basefix.0
                0x0000000000122ab0       0x22 /opt/devkitpro/devkitARM/bin/../lib/gcc/arm-none-eabi/11.2.0/../../../../arm-none-eabi/lib/armv6k/fpu/libg.a(lib_a-svfscanf.o)
 .rodata._vfprintf_r.str1.1
                0x0000000000122ad2       0x3b /opt/devkitpro/devkitARM/bin/../lib/gcc/arm-none-eabi/11.2.0/../../../../arm-none-eabi/lib/armv6k/fpu/libg.a(lib_a-vfprintf.o)
 *fill*         0x0000000000122b0d        0x3 
 .rodata.blanks.1
                0x0000000000122b10       0x10 /opt/devkitpro/devkitARM/bin/../lib/gcc/arm-none-eabi/11.2.0/../../../../arm-none-eabi/lib/armv6k/fpu/libg.a(lib_a-vfprintf.o)
 .rodata.zeroes.0
                0x0000000000122b20       0x10 /opt/devkitpro/devkitARM/bin/../lib/gcc/arm-none-eabi/11.2.0/../../../../arm-none-eabi/lib/armv6k/fpu/libg.a(lib_a-vfprintf.o)
 .rodata._ctype_
                0x0000000000122b30      0x101 /opt/devkitpro/devkitARM/bin/../lib/gcc/arm-none-eabi/11.2.0/../../../../arm-none-eabi/lib/armv6k/fpu/libg.a(lib_a-ctype_.o)
                0x0000000000122b30                _ctype_
 *fill*         0x0000000000122c31        0x3 
 .rodata._dtoa_r.str1.4
                0x0000000000122c34       0x67 /opt/devkitpro/devkitARM/bin/../lib/gcc/arm-none-eabi/11.2.0/../../../../arm-none-eabi/lib/armv6k/fpu/libg.a(lib_a-dtoa.o)
 *fill*         0x0000000000122c9b        0x1 
 .rodata.str1.4
                0x0000000000122c9c       0x48 /opt/devkitpro/devkitARM/bin/../lib/gcc/arm-none-eabi/11.2.0/../../../../arm-none-eabi/lib/armv6k/fpu/libg.a(lib_a-locale.o)
                                         0x4c (size before relaxing)
 .rodata._mbrtowc_r.str1.4
                0x0000000000122ce4        0x1 /opt/devkitpro/devkitARM/bin/../lib/gcc/arm-none-eabi/11.2.0/../../../../arm-none-eabi/lib/armv6k/fpu/libg.a(lib_a-mbrtowc.o)
 .rodata.__multadd.str1.4
                0x0000000000122ce4       0x40 /opt/devkitpro/devkitARM/bin/../lib/gcc/arm-none-eabi/11.2.0/../../../../arm-none-eabi/lib/armv6k/fpu/libg.a(lib_a-mprec.o)
                                         0x54 (size before relaxing)
 *fill*         0x0000000000122d24        0x4 
 .rodata.__mprec_bigtens
                0x0000000000122d28       0x28 /opt/devkitpro/devkitARM/bin/../lib/gcc/arm-none-eabi/11.2.0/../../../../arm-none-eabi/lib/armv6k/fpu/libg.a(lib_a-mprec.o)
                0x0000000000122d28                __mprec_bigtens
 .rodata.__mprec_tens
                0x0000000000122d50       0xc8 /opt/devkitpro/devkitARM/bin/../lib/gcc/arm-none-eabi/11.2.0/../../../../arm-none-eabi/lib/armv6k/fpu/libg.a(lib_a-mprec.o)
                0x0000000000122d50                __mprec_tens
 .rodata.p05.0  0x0000000000122e18        0xc /opt/devkitpro/devkitARM/bin/../lib/gcc/arm-none-eabi/11.2.0/../../../../arm-none-eabi/lib/armv6k/fpu/libg.a(lib_a-mprec.o)
 .rodata._strtod_l.str1.4
                0x0000000000122e24        0xf /opt/devkitpro/devkitARM/bin/../lib/gcc/arm-none-eabi/11.2.0/../../../../arm-none-eabi/lib/armv6k/fpu/libg.a(lib_a-strtod.o)
                                         0x11 (size before relaxing)
 *fill*         0x0000000000122e33        0x1 
 .rodata.fpi.1  0x0000000000122e34       0x14 /opt/devkitpro/devkitARM/bin/../lib/gcc/arm-none-eabi/11.2.0/../../../../arm-none-eabi/lib/armv6k/fpu/libg.a(lib_a-strtod.o)
 .rodata.fpinan.0
                0x0000000000122e48       0x14 /opt/devkitpro/devkitARM/bin/../lib/gcc/arm-none-eabi/11.2.0/../../../../arm-none-eabi/lib/armv6k/fpu/libg.a(lib_a-strtod.o)
 *fill*         0x0000000000122e5c        0x4 
 .rodata.tinytens
                0x0000000000122e60       0x28 /opt/devkitpro/devkitARM/bin/../lib/gcc/arm-none-eabi/11.2.0/../../../../arm-none-eabi/lib/armv6k/fpu/libg.a(lib_a-strtod.o)
 .rodata.__action_table
                0x0000000000122e88       0x6c /opt/devkitpro/devkitARM/bin/../lib/gcc/arm-none-eabi/11.2.0/../../../../arm-none-eabi/lib/armv6k/fpu/libg.a(lib_a-svfiprintf.o)
                0x0000000000122e88                __action_table
 .rodata.__chclass
                0x0000000000122ef4      0x100 /opt/devkitpro/devkitARM/bin/../lib/gcc/arm-none-eabi/11.2.0/../../../../arm-none-eabi/lib/armv6k/fpu/libg.a(lib_a-svfiprintf.o)
                0x0000000000122ef4                __chclass
 .rodata.__state_table
                0x0000000000122ff4       0x6c /opt/devkitpro/devkitARM/bin/../lib/gcc/arm-none-eabi/11.2.0/../../../../arm-none-eabi/lib/armv6k/fpu/libg.a(lib_a-svfiprintf.o)
                0x0000000000122ff4                __state_table
 .rodata._svfprintf_r.str1.1
                0x0000000000123060       0x3b /opt/devkitpro/devkitARM/bin/../lib/gcc/arm-none-eabi/11.2.0/../../../../arm-none-eabi/lib/armv6k/fpu/libg.a(lib_a-svfprintf.o)
 .rodata.blanks.1
                0x0000000000123060       0x10 /opt/devkitpro/devkitARM/bin/../lib/gcc/arm-none-eabi/11.2.0/../../../../arm-none-eabi/lib/armv6k/fpu/libg.a(lib_a-svfprintf.o)
 .rodata.zeroes.0
                0x0000000000123070       0x10 /opt/devkitpro/devkitARM/bin/../lib/gcc/arm-none-eabi/11.2.0/../../../../arm-none-eabi/lib/armv6k/fpu/libg.a(lib_a-svfprintf.o)
 .rodata._vfiprintf_r.str1.1
                0x0000000000123080       0x29 /opt/devkitpro/devkitARM/bin/../lib/gcc/arm-none-eabi/11.2.0/../../../../arm-none-eabi/lib/armv6k/fpu/libg.a(lib_a-vfiprintf.o)
 .rodata.blanks.1
                0x0000000000123080       0x10 /opt/devkitpro/devkitARM/bin/../lib/gcc/arm-none-eabi/11.2.0/../../../../arm-none-eabi/lib/armv6k/fpu/libg.a(lib_a-vfiprintf.o)
 .rodata.zeroes.0
                0x0000000000123090       0x10 /opt/devkitpro/devkitARM/bin/../lib/gcc/arm-none-eabi/11.2.0/../../../../arm-none-eabi/lib/armv6k/fpu/libg.a(lib_a-vfiprintf.o)
 .rodata.__assert_func.str1.4
                0x00000000001230a0       0x3f /opt/devkitpro/devkitARM/bin/../lib/gcc/arm-none-eabi/11.2.0/../../../../arm-none-eabi/lib/armv6k/fpu/libg.a(lib_a-assert.o)
                                         0x43 (size before relaxing)
 *fill*         0x00000000001230df        0x1 
 .rodata.__gethex.str1.4
                0x00000000001230e0       0x47 /opt/devkitpro/devkitARM/bin/../lib/gcc/arm-none-eabi/11.2.0/../../../../arm-none-eabi/lib/armv6k/fpu/libg.a(lib_a-gdtoa-gethex.o)
                                         0x5b (size before relaxing)
 *fill*         0x0000000000123127        0x1 
 .rodata.__hexdig
                0x0000000000123128      0x100 /opt/devkitpro/devkitARM/bin/../lib/gcc/arm-none-eabi/11.2.0/../../../../arm-none-eabi/lib/armv6k/fpu/libg.a(lib_a-gdtoa-gethex.o)
                0x0000000000123128                __hexdig
 .rodata._jp2uc_l.str1.4
                0x0000000000123228       0x12 /opt/devkitpro/devkitARM/bin/../lib/gcc/arm-none-eabi/11.2.0/../../../../arm-none-eabi/lib/armv6k/fpu/libg.a(lib_a-jp2uc.o)
 *fill*         0x000000000012323a        0x2 
 .rodata.a1     0x000000000012323c       0xbc /opt/devkitpro/devkitARM/bin/../lib/gcc/arm-none-eabi/11.2.0/../../../../arm-none-eabi/lib/armv6k/fpu/libg.a(lib_a-jp2uc.o)
 .rodata.a2     0x00000000001232f8       0xbc /opt/devkitpro/devkitARM/bin/../lib/gcc/arm-none-eabi/11.2.0/../../../../arm-none-eabi/lib/armv6k/fpu/libg.a(lib_a-jp2uc.o)
 .rodata.a3     0x00000000001233b4       0x5b /opt/devkitpro/devkitARM/bin/../lib/gcc/arm-none-eabi/11.2.0/../../../../arm-none-eabi/lib/armv6k/fpu/libg.a(lib_a-jp2uc.o)
 *fill*         0x000000000012340f        0x1 
 .rodata.a6     0x0000000000123410       0x70 /opt/devkitpro/devkitARM/bin/../lib/gcc/arm-none-eabi/11.2.0/../../../../arm-none-eabi/lib/armv6k/fpu/libg.a(lib_a-jp2uc.o)
 .rodata.a7     0x0000000000123480       0xa2 /opt/devkitpro/devkitARM/bin/../lib/gcc/arm-none-eabi/11.2.0/../../../../arm-none-eabi/lib/armv6k/fpu/libg.a(lib_a-jp2uc.o)
 *fill*         0x0000000000123522        0x2 
 .rodata.a8     0x0000000000123524       0x40 /opt/devkitpro/devkitARM/bin/../lib/gcc/arm-none-eabi/11.2.0/../../../../arm-none-eabi/lib/armv6k/fpu/libg.a(lib_a-jp2uc.o)
 .rodata.b02cf  0x0000000000123564     0x172a /opt/devkitpro/devkitARM/bin/../lib/gcc/arm-none-eabi/11.2.0/../../../../arm-none-eabi/lib/armv6k/fpu/libg.a(lib_a-jp2uc.o)
 *fill*         0x0000000000124c8e        0x2 
 .rodata.d02f4  0x0000000000124c90     0x1a7c /opt/devkitpro/devkitARM/bin/../lib/gcc/arm-none-eabi/11.2.0/../../../../arm-none-eabi/lib/armv6k/fpu/libg.a(lib_a-jp2uc.o)
 .rodata.str1.4
                0x000000000012670c        0x5 /opt/devkitpro/devkitARM/bin/../lib/gcc/arm-none-eabi/11.2.0/../../../../arm-none-eabi/lib/armv6k/fpu/libg.a(lib_a-lnumeric.o)
 .rodata._C_numeric_locale